2026-09-04 00:50:01,822 thaqip.award_watch INFO no pursued tenders awaiting award results
2026-09-04 04:50:01,936 thaqip.award_watch INFO no pursued tenders awaiting award results
2026-09-04 08:50:01,369 thaqip.award_watch INFO no pursued tenders awaiting award results
2026-09-04 12:50:01,602 thaqip_ingestion.etimad.session INFO bootstrapping Etimad session via headless browser
2026-09-04 12:50:10,664 thaqip_ingestion.etimad.session INFO bootstrap complete: 14 cookies (10 TSPD)
2026-09-04 12:50:11,016 httpx INFO HTTP Request: GET https://tenders.etimad.sa/Tender/GetAwardingResultsForVisitorViewComponenet?tenderIdStr=mBvjGnW7iN50HUuOfLSagg%3D%3D "HTTP/1.1 200 OK"
2026-09-04 12:50:14,020 thaqip.award_watch INFO checked 1 pursued tenders, 0 newly announced
2026-09-04 16:50:01,721 thaqip_ingestion.etimad.session INFO bootstrapping Etimad session via headless browser
2026-09-04 16:50:09,598 thaqip_ingestion.etimad.session INFO bootstrap complete: 14 cookies (10 TSPD)
2026-09-04 16:50:09,785 httpx INFO HTTP Request: GET https://tenders.etimad.sa/Tender/GetAwardingResultsForVisitorViewComponenet?tenderIdStr=mBvjGnW7iN50HUuOfLSagg%3D%3D "HTTP/1.1 200 OK"
2026-09-04 16:50:12,791 thaqip.award_watch INFO checked 1 pursued tenders, 0 newly announced
2026-09-04 20:50:02,178 thaqip_ingestion.etimad.session INFO bootstrapping Etimad session via headless browser
2026-09-04 20:50:03,172 thaqip.award_watch INFO checked 1 pursued tenders, 0 newly announced
Traceback (most recent call last):
  File "<frozen runpy>", line 203, in _run_module_as_main
  File "<frozen runpy>", line 88, in _run_code
  File "/home/ais04/thaqip/services/ingestion/src/thaqip_ingestion/award_watch.py", line 135, in <module>
    asyncio.run(main())
    ~~~~~~~~~~~^^^^^^^^
  File "/home/ais04/.local/share/uv/python/cpython-3.13.15-linux-x86_64-gnu/lib/python3.13/asyncio/runners.py", line 196, in run
    return runner.run(main)
           ~~~~~~~~~~^^^^^^
  File "/home/ais04/.local/share/uv/python/cpython-3.13.15-linux-x86_64-gnu/lib/python3.13/asyncio/runners.py", line 119, in run
    return self._loop.run_until_complete(task)
           ~~~~~~~~~~~~~~~~~~~~~~~~~~~~~^^^^^^
  File "/home/ais04/.local/share/uv/python/cpython-3.13.15-linux-x86_64-gnu/lib/python3.13/asyncio/base_events.py", line 726, in run_until_complete
    return future.result()
           ~~~~~~~~~~~~~^^
  File "/home/ais04/thaqip/services/ingestion/src/thaqip_ingestion/award_watch.py", line 116, in main
    result = await harvester.fetch_awarding(r["source_id_string"])
             ^^^^^^^^^^^^^^^^^^^^^^^^^^^^^^^^^^^^^^^^^^^^^^^^^^^^^
  File "/home/ais04/thaqip/services/ingestion/src/thaqip_ingestion/awards_harvest.py", line 100, in fetch_awarding
    cookies = await self._session.get_cookies()
              ^^^^^^^^^^^^^^^^^^^^^^^^^^^^^^^^^
  File "/home/ais04/thaqip/services/ingestion/src/thaqip_ingestion/etimad/session.py", line 47, in get_cookies
    self._cookies = await self._bootstrap()
                    ^^^^^^^^^^^^^^^^^^^^^^^
  File "/home/ais04/thaqip/services/ingestion/src/thaqip_ingestion/etimad/session.py", line 59, in _bootstrap
    browser = await pw.chromium.launch(headless=self._headless)
              ^^^^^^^^^^^^^^^^^^^^^^^^^^^^^^^^^^^^^^^^^^^^^^^^^
  File "/home/ais04/thaqip/services/ingestion/.venv/lib/python3.13/site-packages/playwright/async_api/_generated.py", line 16731, in launch
    await self._impl_obj.launch(
    ...<17 lines>...
    )
  File "/home/ais04/thaqip/services/ingestion/.venv/lib/python3.13/site-packages/playwright/_impl/_browser_type.py", line 97, in launch
    await self._channel.send(
        "launch", TimeoutSettings.launch_timeout, params
    )
  File "/home/ais04/thaqip/services/ingestion/.venv/lib/python3.13/site-packages/playwright/_impl/_connection.py", line 76, in send
    return await self._connection.wrap_api_call(
           ^^^^^^^^^^^^^^^^^^^^^^^^^^^^^^^^^^^^^
    ...<3 lines>...
    )
    ^
  File "/home/ais04/thaqip/services/ingestion/.venv/lib/python3.13/site-packages/playwright/_impl/_connection.py", line 632, in wrap_api_call
    raise rewrite_error(error, f"{parsed_st['apiName']}: {error}") from None
playwright._impl._errors.Error: BrowserType.launch: Executable doesn't exist at /home/ais04/.cache/ms-playwright/chromium_headless_shell-1234/chrome-headless-shell-linux64/chrome-headless-shell
╔════════════════════════════════════════════════════════════╗
║ Looks like Playwright was just installed or updated.       ║
║ Please run the following command to download new browsers: ║
║                                                            ║
║     playwright install                                     ║
║                                                            ║
║ <3 Playwright Team                                         ║
╚════════════════════════════════════════════════════════════╝
Traceback (most recent call last):
  File "<frozen runpy>", line 203, in _run_module_as_main
  File "<frozen runpy>", line 88, in _run_code
  File "/home/ais04/thaqip/services/ingestion/src/thaqip_ingestion/award_watch.py", line 135, in <module>
    asyncio.run(main())
    ~~~~~~~~~~~^^^^^^^^
  File "/home/ais04/.local/share/uv/python/cpython-3.13.15-linux-x86_64-gnu/lib/python3.13/asyncio/runners.py", line 196, in run
    return runner.run(main)
           ~~~~~~~~~~^^^^^^
  File "/home/ais04/.local/share/uv/python/cpython-3.13.15-linux-x86_64-gnu/lib/python3.13/asyncio/runners.py", line 119, in run
    return self._loop.run_until_complete(task)
           ~~~~~~~~~~~~~~~~~~~~~~~~~~~~~^^^^^^
  File "/home/ais04/.local/share/uv/python/cpython-3.13.15-linux-x86_64-gnu/lib/python3.13/asyncio/base_events.py", line 726, in run_until_complete
    return future.result()
           ~~~~~~~~~~~~~^^
  File "/home/ais04/thaqip/services/ingestion/src/thaqip_ingestion/award_watch.py", line 102, in main
    pool = await db.connect(os.environ["DATABASE_URL"])
           ^^^^^^^^^^^^^^^^^^^^^^^^^^^^^^^^^^^^^^^^^^^^
  File "/home/ais04/thaqip/services/ingestion/src/thaqip_ingestion/db.py", line 72, in connect
    return await asyncpg.create_pool(dsn, min_size=1, max_size=4)
           ^^^^^^^^^^^^^^^^^^^^^^^^^^^^^^^^^^^^^^^^^^^^^^^^^^^^^^
  File "/home/ais04/thaqip/services/ingestion/.venv/lib/python3.13/site-packages/asyncpg/pool.py", line 439, in _async__init__
    await self._initialize()
  File "/home/ais04/thaqip/services/ingestion/.venv/lib/python3.13/site-packages/asyncpg/pool.py", line 466, in _initialize
    await first_ch.connect()
  File "/home/ais04/thaqip/services/ingestion/.venv/lib/python3.13/site-packages/asyncpg/pool.py", line 153, in connect
    self._con = await self._pool._get_new_connection()
                ^^^^^^^^^^^^^^^^^^^^^^^^^^^^^^^^^^^^^^
  File "/home/ais04/thaqip/services/ingestion/.venv/lib/python3.13/site-packages/asyncpg/pool.py", line 538, in _get_new_connection
    con = await self._connect(
          ^^^^^^^^^^^^^^^^^^^^
    ...<5 lines>...
    )
    ^
  File "/home/ais04/thaqip/services/ingestion/.venv/lib/python3.13/site-packages/asyncpg/connection.py", line 2443, in connect
    return await connect_utils._connect(
           ^^^^^^^^^^^^^^^^^^^^^^^^^^^^^
    ...<22 lines>...
    )
    ^
  File "/home/ais04/thaqip/services/ingestion/.venv/lib/python3.13/site-packages/asyncpg/connect_utils.py", line 1249, in _connect
    raise last_error or exceptions.TargetServerAttributeNotMatched(
    ...<2 lines>...
    )
  File "/home/ais04/thaqip/services/ingestion/.venv/lib/python3.13/site-packages/asyncpg/connect_utils.py", line 1218, in _connect
    conn = await _connect_addr(
           ^^^^^^^^^^^^^^^^^^^^
    ...<6 lines>...
    )
    ^
  File "/home/ais04/thaqip/services/ingestion/.venv/lib/python3.13/site-packages/asyncpg/connect_utils.py", line 1054, in _connect_addr
    return await __connect_addr(params, True, *args)
           ^^^^^^^^^^^^^^^^^^^^^^^^^^^^^^^^^^^^^^^^^
  File "/home/ais04/thaqip/services/ingestion/.venv/lib/python3.13/site-packages/asyncpg/connect_utils.py", line 1099, in __connect_addr
    tr, pr = await connector
             ^^^^^^^^^^^^^^^
  File "/home/ais04/thaqip/services/ingestion/.venv/lib/python3.13/site-packages/asyncpg/connect_utils.py", line 969, in _create_ssl_connection
    tr, pr = await loop.create_connection(
             ^^^^^^^^^^^^^^^^^^^^^^^^^^^^^
    ...<2 lines>...
        host, port)
        ^^^^^^^^^^^
  File "/home/ais04/.local/share/uv/python/cpython-3.13.15-linux-x86_64-gnu/lib/python3.13/asyncio/base_events.py", line 1172, in create_connection
    raise exceptions[0]
  File "/home/ais04/.local/share/uv/python/cpython-3.13.15-linux-x86_64-gnu/lib/python3.13/asyncio/base_events.py", line 1147, in create_connection
    sock = await self._connect_sock(
           ^^^^^^^^^^^^^^^^^^^^^^^^^
        exceptions, addrinfo, laddr_infos)
        ^^^^^^^^^^^^^^^^^^^^^^^^^^^^^^^^^^
  File "/home/ais04/.local/share/uv/python/cpython-3.13.15-linux-x86_64-gnu/lib/python3.13/asyncio/base_events.py", line 1046, in _connect_sock
    await self.sock_connect(sock, address)
  File "/home/ais04/.local/share/uv/python/cpython-3.13.15-linux-x86_64-gnu/lib/python3.13/asyncio/selector_events.py", line 643, in sock_connect
    return await fut
           ^^^^^^^^^
  File "/home/ais04/.local/share/uv/python/cpython-3.13.15-linux-x86_64-gnu/lib/python3.13/asyncio/selector_events.py", line 683, in _sock_connect_cb
    raise OSError(err, f'Connect call failed {address}')
ConnectionRefusedError: [Errno 111] Connect call failed ('127.0.0.1', 5433)
Traceback (most recent call last):
  File "<frozen runpy>", line 203, in _run_module_as_main
  File "<frozen runpy>", line 88, in _run_code
  File "/home/ais04/thaqip/services/ingestion/src/thaqip_ingestion/award_watch.py", line 135, in <module>
    asyncio.run(main())
    ~~~~~~~~~~~^^^^^^^^
  File "/home/ais04/.local/share/uv/python/cpython-3.13.15-linux-x86_64-gnu/lib/python3.13/asyncio/runners.py", line 196, in run
    return runner.run(main)
           ~~~~~~~~~~^^^^^^
  File "/home/ais04/.local/share/uv/python/cpython-3.13.15-linux-x86_64-gnu/lib/python3.13/asyncio/runners.py", line 119, in run
    return self._loop.run_until_complete(task)
           ~~~~~~~~~~~~~~~~~~~~~~~~~~~~~^^^^^^
  File "/home/ais04/.local/share/uv/python/cpython-3.13.15-linux-x86_64-gnu/lib/python3.13/asyncio/base_events.py", line 726, in run_until_complete
    return future.result()
           ~~~~~~~~~~~~~^^
  File "/home/ais04/thaqip/services/ingestion/src/thaqip_ingestion/award_watch.py", line 102, in main
    pool = await db.connect(os.environ["DATABASE_URL"])
           ^^^^^^^^^^^^^^^^^^^^^^^^^^^^^^^^^^^^^^^^^^^^
  File "/home/ais04/thaqip/services/ingestion/src/thaqip_ingestion/db.py", line 72, in connect
    return await asyncpg.create_pool(dsn, min_size=1, max_size=4)
           ^^^^^^^^^^^^^^^^^^^^^^^^^^^^^^^^^^^^^^^^^^^^^^^^^^^^^^
  File "/home/ais04/thaqip/services/ingestion/.venv/lib/python3.13/site-packages/asyncpg/pool.py", line 439, in _async__init__
    await self._initialize()
  File "/home/ais04/thaqip/services/ingestion/.venv/lib/python3.13/site-packages/asyncpg/pool.py", line 466, in _initialize
    await first_ch.connect()
  File "/home/ais04/thaqip/services/ingestion/.venv/lib/python3.13/site-packages/asyncpg/pool.py", line 153, in connect
    self._con = await self._pool._get_new_connection()
                ^^^^^^^^^^^^^^^^^^^^^^^^^^^^^^^^^^^^^^
  File "/home/ais04/thaqip/services/ingestion/.venv/lib/python3.13/site-packages/asyncpg/pool.py", line 538, in _get_new_connection
    con = await self._connect(
          ^^^^^^^^^^^^^^^^^^^^
    ...<5 lines>...
    )
    ^
  File "/home/ais04/thaqip/services/ingestion/.venv/lib/python3.13/site-packages/asyncpg/connection.py", line 2443, in connect
    return await connect_utils._connect(
           ^^^^^^^^^^^^^^^^^^^^^^^^^^^^^
    ...<22 lines>...
    )
    ^
  File "/home/ais04/thaqip/services/ingestion/.venv/lib/python3.13/site-packages/asyncpg/connect_utils.py", line 1249, in _connect
    raise last_error or exceptions.TargetServerAttributeNotMatched(
    ...<2 lines>...
    )
  File "/home/ais04/thaqip/services/ingestion/.venv/lib/python3.13/site-packages/asyncpg/connect_utils.py", line 1218, in _connect
    conn = await _connect_addr(
           ^^^^^^^^^^^^^^^^^^^^
    ...<6 lines>...
    )
    ^
  File "/home/ais04/thaqip/services/ingestion/.venv/lib/python3.13/site-packages/asyncpg/connect_utils.py", line 1054, in _connect_addr
    return await __connect_addr(params, True, *args)
           ^^^^^^^^^^^^^^^^^^^^^^^^^^^^^^^^^^^^^^^^^
  File "/home/ais04/thaqip/services/ingestion/.venv/lib/python3.13/site-packages/asyncpg/connect_utils.py", line 1099, in __connect_addr
    tr, pr = await connector
             ^^^^^^^^^^^^^^^
  File "/home/ais04/thaqip/services/ingestion/.venv/lib/python3.13/site-packages/asyncpg/connect_utils.py", line 969, in _create_ssl_connection
    tr, pr = await loop.create_connection(
             ^^^^^^^^^^^^^^^^^^^^^^^^^^^^^
    ...<2 lines>...
        host, port)
        ^^^^^^^^^^^
  File "/home/ais04/.local/share/uv/python/cpython-3.13.15-linux-x86_64-gnu/lib/python3.13/asyncio/base_events.py", line 1172, in create_connection
    raise exceptions[0]
  File "/home/ais04/.local/share/uv/python/cpython-3.13.15-linux-x86_64-gnu/lib/python3.13/asyncio/base_events.py", line 1147, in create_connection
    sock = await self._connect_sock(
           ^^^^^^^^^^^^^^^^^^^^^^^^^
        exceptions, addrinfo, laddr_infos)
        ^^^^^^^^^^^^^^^^^^^^^^^^^^^^^^^^^^
  File "/home/ais04/.local/share/uv/python/cpython-3.13.15-linux-x86_64-gnu/lib/python3.13/asyncio/base_events.py", line 1046, in _connect_sock
    await self.sock_connect(sock, address)
  File "/home/ais04/.local/share/uv/python/cpython-3.13.15-linux-x86_64-gnu/lib/python3.13/asyncio/selector_events.py", line 643, in sock_connect
    return await fut
           ^^^^^^^^^
  File "/home/ais04/.local/share/uv/python/cpython-3.13.15-linux-x86_64-gnu/lib/python3.13/asyncio/selector_events.py", line 683, in _sock_connect_cb
    raise OSError(err, f'Connect call failed {address}')
ConnectionRefusedError: [Errno 111] Connect call failed ('127.0.0.1', 5433)
Traceback (most recent call last):
  File "<frozen runpy>", line 203, in _run_module_as_main
  File "<frozen runpy>", line 88, in _run_code
  File "/home/ais04/thaqip/services/ingestion/src/thaqip_ingestion/award_watch.py", line 135, in <module>
    asyncio.run(main())
    ~~~~~~~~~~~^^^^^^^^
  File "/home/ais04/.local/share/uv/python/cpython-3.13.15-linux-x86_64-gnu/lib/python3.13/asyncio/runners.py", line 196, in run
    return runner.run(main)
           ~~~~~~~~~~^^^^^^
  File "/home/ais04/.local/share/uv/python/cpython-3.13.15-linux-x86_64-gnu/lib/python3.13/asyncio/runners.py", line 119, in run
    return self._loop.run_until_complete(task)
           ~~~~~~~~~~~~~~~~~~~~~~~~~~~~~^^^^^^
  File "/home/ais04/.local/share/uv/python/cpython-3.13.15-linux-x86_64-gnu/lib/python3.13/asyncio/base_events.py", line 726, in run_until_complete
    return future.result()
           ~~~~~~~~~~~~~^^
  File "/home/ais04/thaqip/services/ingestion/src/thaqip_ingestion/award_watch.py", line 102, in main
    pool = await db.connect(os.environ["DATABASE_URL"])
           ^^^^^^^^^^^^^^^^^^^^^^^^^^^^^^^^^^^^^^^^^^^^
  File "/home/ais04/thaqip/services/ingestion/src/thaqip_ingestion/db.py", line 72, in connect
    return await asyncpg.create_pool(dsn, min_size=1, max_size=4)
           ^^^^^^^^^^^^^^^^^^^^^^^^^^^^^^^^^^^^^^^^^^^^^^^^^^^^^^
  File "/home/ais04/thaqip/services/ingestion/.venv/lib/python3.13/site-packages/asyncpg/pool.py", line 439, in _async__init__
    await self._initialize()
  File "/home/ais04/thaqip/services/ingestion/.venv/lib/python3.13/site-packages/asyncpg/pool.py", line 466, in _initialize
    await first_ch.connect()
  File "/home/ais04/thaqip/services/ingestion/.venv/lib/python3.13/site-packages/asyncpg/pool.py", line 153, in connect
    self._con = await self._pool._get_new_connection()
                ^^^^^^^^^^^^^^^^^^^^^^^^^^^^^^^^^^^^^^
  File "/home/ais04/thaqip/services/ingestion/.venv/lib/python3.13/site-packages/asyncpg/pool.py", line 538, in _get_new_connection
    con = await self._connect(
          ^^^^^^^^^^^^^^^^^^^^
    ...<5 lines>...
    )
    ^
  File "/home/ais04/thaqip/services/ingestion/.venv/lib/python3.13/site-packages/asyncpg/connection.py", line 2443, in connect
    return await connect_utils._connect(
           ^^^^^^^^^^^^^^^^^^^^^^^^^^^^^
    ...<22 lines>...
    )
    ^
  File "/home/ais04/thaqip/services/ingestion/.venv/lib/python3.13/site-packages/asyncpg/connect_utils.py", line 1249, in _connect
    raise last_error or exceptions.TargetServerAttributeNotMatched(
    ...<2 lines>...
    )
  File "/home/ais04/thaqip/services/ingestion/.venv/lib/python3.13/site-packages/asyncpg/connect_utils.py", line 1218, in _connect
    conn = await _connect_addr(
           ^^^^^^^^^^^^^^^^^^^^
    ...<6 lines>...
    )
    ^
  File "/home/ais04/thaqip/services/ingestion/.venv/lib/python3.13/site-packages/asyncpg/connect_utils.py", line 1054, in _connect_addr
    return await __connect_addr(params, True, *args)
           ^^^^^^^^^^^^^^^^^^^^^^^^^^^^^^^^^^^^^^^^^
  File "/home/ais04/thaqip/services/ingestion/.venv/lib/python3.13/site-packages/asyncpg/connect_utils.py", line 1099, in __connect_addr
    tr, pr = await connector
             ^^^^^^^^^^^^^^^
  File "/home/ais04/thaqip/services/ingestion/.venv/lib/python3.13/site-packages/asyncpg/connect_utils.py", line 969, in _create_ssl_connection
    tr, pr = await loop.create_connection(
             ^^^^^^^^^^^^^^^^^^^^^^^^^^^^^
    ...<2 lines>...
        host, port)
        ^^^^^^^^^^^
  File "/home/ais04/.local/share/uv/python/cpython-3.13.15-linux-x86_64-gnu/lib/python3.13/asyncio/base_events.py", line 1172, in create_connection
    raise exceptions[0]
  File "/home/ais04/.local/share/uv/python/cpython-3.13.15-linux-x86_64-gnu/lib/python3.13/asyncio/base_events.py", line 1147, in create_connection
    sock = await self._connect_sock(
           ^^^^^^^^^^^^^^^^^^^^^^^^^
        exceptions, addrinfo, laddr_infos)
        ^^^^^^^^^^^^^^^^^^^^^^^^^^^^^^^^^^
  File "/home/ais04/.local/share/uv/python/cpython-3.13.15-linux-x86_64-gnu/lib/python3.13/asyncio/base_events.py", line 1046, in _connect_sock
    await self.sock_connect(sock, address)
  File "/home/ais04/.local/share/uv/python/cpython-3.13.15-linux-x86_64-gnu/lib/python3.13/asyncio/selector_events.py", line 643, in sock_connect
    return await fut
           ^^^^^^^^^
  File "/home/ais04/.local/share/uv/python/cpython-3.13.15-linux-x86_64-gnu/lib/python3.13/asyncio/selector_events.py", line 683, in _sock_connect_cb
    raise OSError(err, f'Connect call failed {address}')
ConnectionRefusedError: [Errno 111] Connect call failed ('127.0.0.1', 5433)
Traceback (most recent call last):
  File "<frozen runpy>", line 203, in _run_module_as_main
  File "<frozen runpy>", line 88, in _run_code
  File "/home/ais04/thaqip/services/ingestion/src/thaqip_ingestion/award_watch.py", line 135, in <module>
    asyncio.run(main())
    ~~~~~~~~~~~^^^^^^^^
  File "/home/ais04/.local/share/uv/python/cpython-3.13.15-linux-x86_64-gnu/lib/python3.13/asyncio/runners.py", line 196, in run
    return runner.run(main)
           ~~~~~~~~~~^^^^^^
  File "/home/ais04/.local/share/uv/python/cpython-3.13.15-linux-x86_64-gnu/lib/python3.13/asyncio/runners.py", line 119, in run
    return self._loop.run_until_complete(task)
           ~~~~~~~~~~~~~~~~~~~~~~~~~~~~~^^^^^^
  File "/home/ais04/.local/share/uv/python/cpython-3.13.15-linux-x86_64-gnu/lib/python3.13/asyncio/base_events.py", line 726, in run_until_complete
    return future.result()
           ~~~~~~~~~~~~~^^
  File "/home/ais04/thaqip/services/ingestion/src/thaqip_ingestion/award_watch.py", line 102, in main
    pool = await db.connect(os.environ["DATABASE_URL"])
           ^^^^^^^^^^^^^^^^^^^^^^^^^^^^^^^^^^^^^^^^^^^^
  File "/home/ais04/thaqip/services/ingestion/src/thaqip_ingestion/db.py", line 72, in connect
    return await asyncpg.create_pool(dsn, min_size=1, max_size=4)
           ^^^^^^^^^^^^^^^^^^^^^^^^^^^^^^^^^^^^^^^^^^^^^^^^^^^^^^
  File "/home/ais04/thaqip/services/ingestion/.venv/lib/python3.13/site-packages/asyncpg/pool.py", line 439, in _async__init__
    await self._initialize()
  File "/home/ais04/thaqip/services/ingestion/.venv/lib/python3.13/site-packages/asyncpg/pool.py", line 466, in _initialize
    await first_ch.connect()
  File "/home/ais04/thaqip/services/ingestion/.venv/lib/python3.13/site-packages/asyncpg/pool.py", line 153, in connect
    self._con = await self._pool._get_new_connection()
                ^^^^^^^^^^^^^^^^^^^^^^^^^^^^^^^^^^^^^^
  File "/home/ais04/thaqip/services/ingestion/.venv/lib/python3.13/site-packages/asyncpg/pool.py", line 538, in _get_new_connection
    con = await self._connect(
          ^^^^^^^^^^^^^^^^^^^^
    ...<5 lines>...
    )
    ^
  File "/home/ais04/thaqip/services/ingestion/.venv/lib/python3.13/site-packages/asyncpg/connection.py", line 2443, in connect
    return await connect_utils._connect(
           ^^^^^^^^^^^^^^^^^^^^^^^^^^^^^
    ...<22 lines>...
    )
    ^
  File "/home/ais04/thaqip/services/ingestion/.venv/lib/python3.13/site-packages/asyncpg/connect_utils.py", line 1249, in _connect
    raise last_error or exceptions.TargetServerAttributeNotMatched(
    ...<2 lines>...
    )
  File "/home/ais04/thaqip/services/ingestion/.venv/lib/python3.13/site-packages/asyncpg/connect_utils.py", line 1218, in _connect
    conn = await _connect_addr(
           ^^^^^^^^^^^^^^^^^^^^
    ...<6 lines>...
    )
    ^
  File "/home/ais04/thaqip/services/ingestion/.venv/lib/python3.13/site-packages/asyncpg/connect_utils.py", line 1054, in _connect_addr
    return await __connect_addr(params, True, *args)
           ^^^^^^^^^^^^^^^^^^^^^^^^^^^^^^^^^^^^^^^^^
  File "/home/ais04/thaqip/services/ingestion/.venv/lib/python3.13/site-packages/asyncpg/connect_utils.py", line 1099, in __connect_addr
    tr, pr = await connector
             ^^^^^^^^^^^^^^^
  File "/home/ais04/thaqip/services/ingestion/.venv/lib/python3.13/site-packages/asyncpg/connect_utils.py", line 969, in _create_ssl_connection
    tr, pr = await loop.create_connection(
             ^^^^^^^^^^^^^^^^^^^^^^^^^^^^^
    ...<2 lines>...
        host, port)
        ^^^^^^^^^^^
  File "/home/ais04/.local/share/uv/python/cpython-3.13.15-linux-x86_64-gnu/lib/python3.13/asyncio/base_events.py", line 1172, in create_connection
    raise exceptions[0]
  File "/home/ais04/.local/share/uv/python/cpython-3.13.15-linux-x86_64-gnu/lib/python3.13/asyncio/base_events.py", line 1147, in create_connection
    sock = await self._connect_sock(
           ^^^^^^^^^^^^^^^^^^^^^^^^^
        exceptions, addrinfo, laddr_infos)
        ^^^^^^^^^^^^^^^^^^^^^^^^^^^^^^^^^^
  File "/home/ais04/.local/share/uv/python/cpython-3.13.15-linux-x86_64-gnu/lib/python3.13/asyncio/base_events.py", line 1046, in _connect_sock
    await self.sock_connect(sock, address)
  File "/home/ais04/.local/share/uv/python/cpython-3.13.15-linux-x86_64-gnu/lib/python3.13/asyncio/selector_events.py", line 643, in sock_connect
    return await fut
           ^^^^^^^^^
  File "/home/ais04/.local/share/uv/python/cpython-3.13.15-linux-x86_64-gnu/lib/python3.13/asyncio/selector_events.py", line 683, in _sock_connect_cb
    raise OSError(err, f'Connect call failed {address}')
ConnectionRefusedError: [Errno 111] Connect call failed ('127.0.0.1', 5433)
2026-09-05 16:50:01,900 thaqip_ingestion.etimad.session INFO bootstrapping Etimad session via headless browser
2026-09-05 16:50:11,402 thaqip_ingestion.etimad.session INFO bootstrap complete: 14 cookies (10 TSPD)
2026-09-05 16:50:11,848 httpx INFO HTTP Request: GET https://tenders.etimad.sa/Tender/GetRelationsDetailsViewComponenet?tenderIdStr=eDDYbrIhakje+ZT7njR%2A%40%40%2A%2Afw%3D%3D "HTTP/1.1 200 OK"
2026-09-05 16:50:12,908 httpx INFO HTTP Request: GET https://tenders.etimad.sa/Tender/GetTenderDatesViewComponenet?tenderIdStr=eDDYbrIhakje+ZT7njR%2A%40%40%2A%2Afw%3D%3D "HTTP/1.1 200 OK"
2026-09-05 16:50:13,976 httpx INFO HTTP Request: GET https://tenders.etimad.sa/Tender/GetAttachmentsViewComponenet?tenderIdStr=eDDYbrIhakje+ZT7njR%2A%40%40%2A%2Afw%3D%3D "HTTP/1.1 200 OK"
2026-09-05 16:50:15,031 httpx INFO HTTP Request: GET https://tenders.etimad.sa/Tender/GetAwardingResultsForVisitorViewComponenet?tenderIdStr=eDDYbrIhakje+ZT7njR%2A%40%40%2A%2Afw%3D%3D "HTTP/1.1 200 OK"
2026-09-05 16:50:18,093 thaqip.award_watch INFO enriched 1 pursuits from detail components
2026-09-05 16:50:18,239 httpx INFO HTTP Request: GET https://tenders.etimad.sa/Tender/GetAwardingResultsForVisitorViewComponenet?tenderIdStr=mBvjGnW7iN50HUuOfLSagg%3D%3D "HTTP/1.1 200 OK"
2026-09-05 16:50:21,246 thaqip.award_watch INFO checked 1 pursued tenders, 0 newly announced
2026-09-05 20:50:02,461 thaqip_ingestion.etimad.session INFO bootstrapping Etimad session via headless browser
2026-09-05 20:50:12,206 thaqip_ingestion.etimad.session INFO bootstrap complete: 14 cookies (10 TSPD)
2026-09-05 20:50:12,546 httpx INFO HTTP Request: GET https://tenders.etimad.sa/Tender/GetRelationsDetailsViewComponenet?tenderIdStr=ucYSNlpmmvlxPu%2A%40%40%2A%2AtBuxp6A%3D%3D "HTTP/1.1 200 OK"
2026-09-05 20:50:13,624 httpx INFO HTTP Request: GET https://tenders.etimad.sa/Tender/GetTenderDatesViewComponenet?tenderIdStr=ucYSNlpmmvlxPu%2A%40%40%2A%2AtBuxp6A%3D%3D "HTTP/1.1 200 OK"
2026-09-05 20:50:14,690 httpx INFO HTTP Request: GET https://tenders.etimad.sa/Tender/GetAttachmentsViewComponenet?tenderIdStr=ucYSNlpmmvlxPu%2A%40%40%2A%2AtBuxp6A%3D%3D "HTTP/1.1 200 OK"
2026-09-05 20:50:15,761 httpx INFO HTTP Request: GET https://tenders.etimad.sa/Tender/GetAwardingResultsForVisitorViewComponenet?tenderIdStr=ucYSNlpmmvlxPu%2A%40%40%2A%2AtBuxp6A%3D%3D "HTTP/1.1 200 OK"
2026-09-05 20:50:18,779 thaqip.award_watch INFO enriched 1 pursuits from detail components
2026-09-05 20:50:18,923 httpx INFO HTTP Request: GET https://tenders.etimad.sa/Tender/GetAwardingResultsForVisitorViewComponenet?tenderIdStr=mBvjGnW7iN50HUuOfLSagg%3D%3D "HTTP/1.1 200 OK"
2026-09-05 20:50:21,927 thaqip.award_watch INFO checked 1 pursued tenders, 0 newly announced
Traceback (most recent call last):
  File "<frozen runpy>", line 203, in _run_module_as_main
  File "<frozen runpy>", line 88, in _run_code
  File "/home/ais04/thaqip/services/ingestion/src/thaqip_ingestion/award_watch.py", line 135, in <module>
    asyncio.run(main())
    ~~~~~~~~~~~^^^^^^^^
  File "/home/ais04/.local/share/uv/python/cpython-3.13.15-linux-x86_64-gnu/lib/python3.13/asyncio/runners.py", line 196, in run
    return runner.run(main)
           ~~~~~~~~~~^^^^^^
  File "/home/ais04/.local/share/uv/python/cpython-3.13.15-linux-x86_64-gnu/lib/python3.13/asyncio/runners.py", line 119, in run
    return self._loop.run_until_complete(task)
           ~~~~~~~~~~~~~~~~~~~~~~~~~~~~~^^^^^^
  File "/home/ais04/.local/share/uv/python/cpython-3.13.15-linux-x86_64-gnu/lib/python3.13/asyncio/base_events.py", line 726, in run_until_complete
    return future.result()
           ~~~~~~~~~~~~~^^
  File "/home/ais04/thaqip/services/ingestion/src/thaqip_ingestion/award_watch.py", line 102, in main
    pool = await db.connect(os.environ["DATABASE_URL"])
           ^^^^^^^^^^^^^^^^^^^^^^^^^^^^^^^^^^^^^^^^^^^^
  File "/home/ais04/thaqip/services/ingestion/src/thaqip_ingestion/db.py", line 72, in connect
    return await asyncpg.create_pool(dsn, min_size=1, max_size=4)
           ^^^^^^^^^^^^^^^^^^^^^^^^^^^^^^^^^^^^^^^^^^^^^^^^^^^^^^
  File "/home/ais04/thaqip/services/ingestion/.venv/lib/python3.13/site-packages/asyncpg/pool.py", line 439, in _async__init__
    await self._initialize()
  File "/home/ais04/thaqip/services/ingestion/.venv/lib/python3.13/site-packages/asyncpg/pool.py", line 466, in _initialize
    await first_ch.connect()
  File "/home/ais04/thaqip/services/ingestion/.venv/lib/python3.13/site-packages/asyncpg/pool.py", line 153, in connect
    self._con = await self._pool._get_new_connection()
                ^^^^^^^^^^^^^^^^^^^^^^^^^^^^^^^^^^^^^^
  File "/home/ais04/thaqip/services/ingestion/.venv/lib/python3.13/site-packages/asyncpg/pool.py", line 538, in _get_new_connection
    con = await self._connect(
          ^^^^^^^^^^^^^^^^^^^^
    ...<5 lines>...
    )
    ^
  File "/home/ais04/thaqip/services/ingestion/.venv/lib/python3.13/site-packages/asyncpg/connection.py", line 2443, in connect
    return await connect_utils._connect(
           ^^^^^^^^^^^^^^^^^^^^^^^^^^^^^
    ...<22 lines>...
    )
    ^
  File "/home/ais04/thaqip/services/ingestion/.venv/lib/python3.13/site-packages/asyncpg/connect_utils.py", line 1249, in _connect
    raise last_error or exceptions.TargetServerAttributeNotMatched(
    ...<2 lines>...
    )
  File "/home/ais04/thaqip/services/ingestion/.venv/lib/python3.13/site-packages/asyncpg/connect_utils.py", line 1218, in _connect
    conn = await _connect_addr(
           ^^^^^^^^^^^^^^^^^^^^
    ...<6 lines>...
    )
    ^
  File "/home/ais04/thaqip/services/ingestion/.venv/lib/python3.13/site-packages/asyncpg/connect_utils.py", line 1054, in _connect_addr
    return await __connect_addr(params, True, *args)
           ^^^^^^^^^^^^^^^^^^^^^^^^^^^^^^^^^^^^^^^^^
  File "/home/ais04/thaqip/services/ingestion/.venv/lib/python3.13/site-packages/asyncpg/connect_utils.py", line 1099, in __connect_addr
    tr, pr = await connector
             ^^^^^^^^^^^^^^^
  File "/home/ais04/thaqip/services/ingestion/.venv/lib/python3.13/site-packages/asyncpg/connect_utils.py", line 969, in _create_ssl_connection
    tr, pr = await loop.create_connection(
             ^^^^^^^^^^^^^^^^^^^^^^^^^^^^^
    ...<2 lines>...
        host, port)
        ^^^^^^^^^^^
  File "/home/ais04/.local/share/uv/python/cpython-3.13.15-linux-x86_64-gnu/lib/python3.13/asyncio/base_events.py", line 1172, in create_connection
    raise exceptions[0]
  File "/home/ais04/.local/share/uv/python/cpython-3.13.15-linux-x86_64-gnu/lib/python3.13/asyncio/base_events.py", line 1147, in create_connection
    sock = await self._connect_sock(
           ^^^^^^^^^^^^^^^^^^^^^^^^^
        exceptions, addrinfo, laddr_infos)
        ^^^^^^^^^^^^^^^^^^^^^^^^^^^^^^^^^^
  File "/home/ais04/.local/share/uv/python/cpython-3.13.15-linux-x86_64-gnu/lib/python3.13/asyncio/base_events.py", line 1046, in _connect_sock
    await self.sock_connect(sock, address)
  File "/home/ais04/.local/share/uv/python/cpython-3.13.15-linux-x86_64-gnu/lib/python3.13/asyncio/selector_events.py", line 643, in sock_connect
    return await fut
           ^^^^^^^^^
  File "/home/ais04/.local/share/uv/python/cpython-3.13.15-linux-x86_64-gnu/lib/python3.13/asyncio/selector_events.py", line 683, in _sock_connect_cb
    raise OSError(err, f'Connect call failed {address}')
ConnectionRefusedError: [Errno 111] Connect call failed ('127.0.0.1', 5433)
Traceback (most recent call last):
  File "<frozen runpy>", line 203, in _run_module_as_main
  File "<frozen runpy>", line 88, in _run_code
  File "/home/ais04/thaqip/services/ingestion/src/thaqip_ingestion/award_watch.py", line 135, in <module>
    asyncio.run(main())
    ~~~~~~~~~~~^^^^^^^^
  File "/home/ais04/.local/share/uv/python/cpython-3.13.15-linux-x86_64-gnu/lib/python3.13/asyncio/runners.py", line 196, in run
    return runner.run(main)
           ~~~~~~~~~~^^^^^^
  File "/home/ais04/.local/share/uv/python/cpython-3.13.15-linux-x86_64-gnu/lib/python3.13/asyncio/runners.py", line 119, in run
    return self._loop.run_until_complete(task)
           ~~~~~~~~~~~~~~~~~~~~~~~~~~~~~^^^^^^
  File "/home/ais04/.local/share/uv/python/cpython-3.13.15-linux-x86_64-gnu/lib/python3.13/asyncio/base_events.py", line 726, in run_until_complete
    return future.result()
           ~~~~~~~~~~~~~^^
  File "/home/ais04/thaqip/services/ingestion/src/thaqip_ingestion/award_watch.py", line 102, in main
    pool = await db.connect(os.environ["DATABASE_URL"])
           ^^^^^^^^^^^^^^^^^^^^^^^^^^^^^^^^^^^^^^^^^^^^
  File "/home/ais04/thaqip/services/ingestion/src/thaqip_ingestion/db.py", line 72, in connect
    return await asyncpg.create_pool(dsn, min_size=1, max_size=4)
           ^^^^^^^^^^^^^^^^^^^^^^^^^^^^^^^^^^^^^^^^^^^^^^^^^^^^^^
  File "/home/ais04/thaqip/services/ingestion/.venv/lib/python3.13/site-packages/asyncpg/pool.py", line 439, in _async__init__
    await self._initialize()
  File "/home/ais04/thaqip/services/ingestion/.venv/lib/python3.13/site-packages/asyncpg/pool.py", line 466, in _initialize
    await first_ch.connect()
  File "/home/ais04/thaqip/services/ingestion/.venv/lib/python3.13/site-packages/asyncpg/pool.py", line 153, in connect
    self._con = await self._pool._get_new_connection()
                ^^^^^^^^^^^^^^^^^^^^^^^^^^^^^^^^^^^^^^
  File "/home/ais04/thaqip/services/ingestion/.venv/lib/python3.13/site-packages/asyncpg/pool.py", line 538, in _get_new_connection
    con = await self._connect(
          ^^^^^^^^^^^^^^^^^^^^
    ...<5 lines>...
    )
    ^
  File "/home/ais04/thaqip/services/ingestion/.venv/lib/python3.13/site-packages/asyncpg/connection.py", line 2443, in connect
    return await connect_utils._connect(
           ^^^^^^^^^^^^^^^^^^^^^^^^^^^^^
    ...<22 lines>...
    )
    ^
  File "/home/ais04/thaqip/services/ingestion/.venv/lib/python3.13/site-packages/asyncpg/connect_utils.py", line 1249, in _connect
    raise last_error or exceptions.TargetServerAttributeNotMatched(
    ...<2 lines>...
    )
  File "/home/ais04/thaqip/services/ingestion/.venv/lib/python3.13/site-packages/asyncpg/connect_utils.py", line 1218, in _connect
    conn = await _connect_addr(
           ^^^^^^^^^^^^^^^^^^^^
    ...<6 lines>...
    )
    ^
  File "/home/ais04/thaqip/services/ingestion/.venv/lib/python3.13/site-packages/asyncpg/connect_utils.py", line 1054, in _connect_addr
    return await __connect_addr(params, True, *args)
           ^^^^^^^^^^^^^^^^^^^^^^^^^^^^^^^^^^^^^^^^^
  File "/home/ais04/thaqip/services/ingestion/.venv/lib/python3.13/site-packages/asyncpg/connect_utils.py", line 1099, in __connect_addr
    tr, pr = await connector
             ^^^^^^^^^^^^^^^
  File "/home/ais04/thaqip/services/ingestion/.venv/lib/python3.13/site-packages/asyncpg/connect_utils.py", line 969, in _create_ssl_connection
    tr, pr = await loop.create_connection(
             ^^^^^^^^^^^^^^^^^^^^^^^^^^^^^
    ...<2 lines>...
        host, port)
        ^^^^^^^^^^^
  File "/home/ais04/.local/share/uv/python/cpython-3.13.15-linux-x86_64-gnu/lib/python3.13/asyncio/base_events.py", line 1172, in create_connection
    raise exceptions[0]
  File "/home/ais04/.local/share/uv/python/cpython-3.13.15-linux-x86_64-gnu/lib/python3.13/asyncio/base_events.py", line 1147, in create_connection
    sock = await self._connect_sock(
           ^^^^^^^^^^^^^^^^^^^^^^^^^
        exceptions, addrinfo, laddr_infos)
        ^^^^^^^^^^^^^^^^^^^^^^^^^^^^^^^^^^
  File "/home/ais04/.local/share/uv/python/cpython-3.13.15-linux-x86_64-gnu/lib/python3.13/asyncio/base_events.py", line 1046, in _connect_sock
    await self.sock_connect(sock, address)
  File "/home/ais04/.local/share/uv/python/cpython-3.13.15-linux-x86_64-gnu/lib/python3.13/asyncio/selector_events.py", line 643, in sock_connect
    return await fut
           ^^^^^^^^^
  File "/home/ais04/.local/share/uv/python/cpython-3.13.15-linux-x86_64-gnu/lib/python3.13/asyncio/selector_events.py", line 683, in _sock_connect_cb
    raise OSError(err, f'Connect call failed {address}')
ConnectionRefusedError: [Errno 111] Connect call failed ('127.0.0.1', 5433)
Traceback (most recent call last):
  File "<frozen runpy>", line 203, in _run_module_as_main
  File "<frozen runpy>", line 88, in _run_code
  File "/home/ais04/thaqip/services/ingestion/src/thaqip_ingestion/award_watch.py", line 135, in <module>
    asyncio.run(main())
    ~~~~~~~~~~~^^^^^^^^
  File "/home/ais04/.local/share/uv/python/cpython-3.13.15-linux-x86_64-gnu/lib/python3.13/asyncio/runners.py", line 196, in run
    return runner.run(main)
           ~~~~~~~~~~^^^^^^
  File "/home/ais04/.local/share/uv/python/cpython-3.13.15-linux-x86_64-gnu/lib/python3.13/asyncio/runners.py", line 119, in run
    return self._loop.run_until_complete(task)
           ~~~~~~~~~~~~~~~~~~~~~~~~~~~~~^^^^^^
  File "/home/ais04/.local/share/uv/python/cpython-3.13.15-linux-x86_64-gnu/lib/python3.13/asyncio/base_events.py", line 726, in run_until_complete
    return future.result()
           ~~~~~~~~~~~~~^^
  File "/home/ais04/thaqip/services/ingestion/src/thaqip_ingestion/award_watch.py", line 102, in main
    pool = await db.connect(os.environ["DATABASE_URL"])
           ^^^^^^^^^^^^^^^^^^^^^^^^^^^^^^^^^^^^^^^^^^^^
  File "/home/ais04/thaqip/services/ingestion/src/thaqip_ingestion/db.py", line 72, in connect
    return await asyncpg.create_pool(dsn, min_size=1, max_size=4)
           ^^^^^^^^^^^^^^^^^^^^^^^^^^^^^^^^^^^^^^^^^^^^^^^^^^^^^^
  File "/home/ais04/thaqip/services/ingestion/.venv/lib/python3.13/site-packages/asyncpg/pool.py", line 439, in _async__init__
    await self._initialize()
  File "/home/ais04/thaqip/services/ingestion/.venv/lib/python3.13/site-packages/asyncpg/pool.py", line 466, in _initialize
    await first_ch.connect()
  File "/home/ais04/thaqip/services/ingestion/.venv/lib/python3.13/site-packages/asyncpg/pool.py", line 153, in connect
    self._con = await self._pool._get_new_connection()
                ^^^^^^^^^^^^^^^^^^^^^^^^^^^^^^^^^^^^^^
  File "/home/ais04/thaqip/services/ingestion/.venv/lib/python3.13/site-packages/asyncpg/pool.py", line 538, in _get_new_connection
    con = await self._connect(
          ^^^^^^^^^^^^^^^^^^^^
    ...<5 lines>...
    )
    ^
  File "/home/ais04/thaqip/services/ingestion/.venv/lib/python3.13/site-packages/asyncpg/connection.py", line 2443, in connect
    return await connect_utils._connect(
           ^^^^^^^^^^^^^^^^^^^^^^^^^^^^^
    ...<22 lines>...
    )
    ^
  File "/home/ais04/thaqip/services/ingestion/.venv/lib/python3.13/site-packages/asyncpg/connect_utils.py", line 1249, in _connect
    raise last_error or exceptions.TargetServerAttributeNotMatched(
    ...<2 lines>...
    )
  File "/home/ais04/thaqip/services/ingestion/.venv/lib/python3.13/site-packages/asyncpg/connect_utils.py", line 1218, in _connect
    conn = await _connect_addr(
           ^^^^^^^^^^^^^^^^^^^^
    ...<6 lines>...
    )
    ^
  File "/home/ais04/thaqip/services/ingestion/.venv/lib/python3.13/site-packages/asyncpg/connect_utils.py", line 1054, in _connect_addr
    return await __connect_addr(params, True, *args)
           ^^^^^^^^^^^^^^^^^^^^^^^^^^^^^^^^^^^^^^^^^
  File "/home/ais04/thaqip/services/ingestion/.venv/lib/python3.13/site-packages/asyncpg/connect_utils.py", line 1099, in __connect_addr
    tr, pr = await connector
             ^^^^^^^^^^^^^^^
  File "/home/ais04/thaqip/services/ingestion/.venv/lib/python3.13/site-packages/asyncpg/connect_utils.py", line 969, in _create_ssl_connection
    tr, pr = await loop.create_connection(
             ^^^^^^^^^^^^^^^^^^^^^^^^^^^^^
    ...<2 lines>...
        host, port)
        ^^^^^^^^^^^
  File "/home/ais04/.local/share/uv/python/cpython-3.13.15-linux-x86_64-gnu/lib/python3.13/asyncio/base_events.py", line 1172, in create_connection
    raise exceptions[0]
  File "/home/ais04/.local/share/uv/python/cpython-3.13.15-linux-x86_64-gnu/lib/python3.13/asyncio/base_events.py", line 1147, in create_connection
    sock = await self._connect_sock(
           ^^^^^^^^^^^^^^^^^^^^^^^^^
        exceptions, addrinfo, laddr_infos)
        ^^^^^^^^^^^^^^^^^^^^^^^^^^^^^^^^^^
  File "/home/ais04/.local/share/uv/python/cpython-3.13.15-linux-x86_64-gnu/lib/python3.13/asyncio/base_events.py", line 1046, in _connect_sock
    await self.sock_connect(sock, address)
  File "/home/ais04/.local/share/uv/python/cpython-3.13.15-linux-x86_64-gnu/lib/python3.13/asyncio/selector_events.py", line 643, in sock_connect
    return await fut
           ^^^^^^^^^
  File "/home/ais04/.local/share/uv/python/cpython-3.13.15-linux-x86_64-gnu/lib/python3.13/asyncio/selector_events.py", line 683, in _sock_connect_cb
    raise OSError(err, f'Connect call failed {address}')
ConnectionRefusedError: [Errno 111] Connect call failed ('127.0.0.1', 5433)
Traceback (most recent call last):
  File "<frozen runpy>", line 203, in _run_module_as_main
  File "<frozen runpy>", line 88, in _run_code
  File "/home/ais04/thaqip/services/ingestion/src/thaqip_ingestion/award_watch.py", line 135, in <module>
    asyncio.run(main())
    ~~~~~~~~~~~^^^^^^^^
  File "/home/ais04/.local/share/uv/python/cpython-3.13.15-linux-x86_64-gnu/lib/python3.13/asyncio/runners.py", line 196, in run
    return runner.run(main)
           ~~~~~~~~~~^^^^^^
  File "/home/ais04/.local/share/uv/python/cpython-3.13.15-linux-x86_64-gnu/lib/python3.13/asyncio/runners.py", line 119, in run
    return self._loop.run_until_complete(task)
           ~~~~~~~~~~~~~~~~~~~~~~~~~~~~~^^^^^^
  File "/home/ais04/.local/share/uv/python/cpython-3.13.15-linux-x86_64-gnu/lib/python3.13/asyncio/base_events.py", line 726, in run_until_complete
    return future.result()
           ~~~~~~~~~~~~~^^
  File "/home/ais04/thaqip/services/ingestion/src/thaqip_ingestion/award_watch.py", line 102, in main
    pool = await db.connect(os.environ["DATABASE_URL"])
           ^^^^^^^^^^^^^^^^^^^^^^^^^^^^^^^^^^^^^^^^^^^^
  File "/home/ais04/thaqip/services/ingestion/src/thaqip_ingestion/db.py", line 72, in connect
    return await asyncpg.create_pool(dsn, min_size=1, max_size=4)
           ^^^^^^^^^^^^^^^^^^^^^^^^^^^^^^^^^^^^^^^^^^^^^^^^^^^^^^
  File "/home/ais04/thaqip/services/ingestion/.venv/lib/python3.13/site-packages/asyncpg/pool.py", line 439, in _async__init__
    await self._initialize()
  File "/home/ais04/thaqip/services/ingestion/.venv/lib/python3.13/site-packages/asyncpg/pool.py", line 466, in _initialize
    await first_ch.connect()
  File "/home/ais04/thaqip/services/ingestion/.venv/lib/python3.13/site-packages/asyncpg/pool.py", line 153, in connect
    self._con = await self._pool._get_new_connection()
                ^^^^^^^^^^^^^^^^^^^^^^^^^^^^^^^^^^^^^^
  File "/home/ais04/thaqip/services/ingestion/.venv/lib/python3.13/site-packages/asyncpg/pool.py", line 538, in _get_new_connection
    con = await self._connect(
          ^^^^^^^^^^^^^^^^^^^^
    ...<5 lines>...
    )
    ^
  File "/home/ais04/thaqip/services/ingestion/.venv/lib/python3.13/site-packages/asyncpg/connection.py", line 2443, in connect
    return await connect_utils._connect(
           ^^^^^^^^^^^^^^^^^^^^^^^^^^^^^
    ...<22 lines>...
    )
    ^
  File "/home/ais04/thaqip/services/ingestion/.venv/lib/python3.13/site-packages/asyncpg/connect_utils.py", line 1249, in _connect
    raise last_error or exceptions.TargetServerAttributeNotMatched(
    ...<2 lines>...
    )
  File "/home/ais04/thaqip/services/ingestion/.venv/lib/python3.13/site-packages/asyncpg/connect_utils.py", line 1218, in _connect
    conn = await _connect_addr(
           ^^^^^^^^^^^^^^^^^^^^
    ...<6 lines>...
    )
    ^
  File "/home/ais04/thaqip/services/ingestion/.venv/lib/python3.13/site-packages/asyncpg/connect_utils.py", line 1054, in _connect_addr
    return await __connect_addr(params, True, *args)
           ^^^^^^^^^^^^^^^^^^^^^^^^^^^^^^^^^^^^^^^^^
  File "/home/ais04/thaqip/services/ingestion/.venv/lib/python3.13/site-packages/asyncpg/connect_utils.py", line 1099, in __connect_addr
    tr, pr = await connector
             ^^^^^^^^^^^^^^^
  File "/home/ais04/thaqip/services/ingestion/.venv/lib/python3.13/site-packages/asyncpg/connect_utils.py", line 969, in _create_ssl_connection
    tr, pr = await loop.create_connection(
             ^^^^^^^^^^^^^^^^^^^^^^^^^^^^^
    ...<2 lines>...
        host, port)
        ^^^^^^^^^^^
  File "/home/ais04/.local/share/uv/python/cpython-3.13.15-linux-x86_64-gnu/lib/python3.13/asyncio/base_events.py", line 1172, in create_connection
    raise exceptions[0]
  File "/home/ais04/.local/share/uv/python/cpython-3.13.15-linux-x86_64-gnu/lib/python3.13/asyncio/base_events.py", line 1147, in create_connection
    sock = await self._connect_sock(
           ^^^^^^^^^^^^^^^^^^^^^^^^^
        exceptions, addrinfo, laddr_infos)
        ^^^^^^^^^^^^^^^^^^^^^^^^^^^^^^^^^^
  File "/home/ais04/.local/share/uv/python/cpython-3.13.15-linux-x86_64-gnu/lib/python3.13/asyncio/base_events.py", line 1046, in _connect_sock
    await self.sock_connect(sock, address)
  File "/home/ais04/.local/share/uv/python/cpython-3.13.15-linux-x86_64-gnu/lib/python3.13/asyncio/selector_events.py", line 643, in sock_connect
    return await fut
           ^^^^^^^^^
  File "/home/ais04/.local/share/uv/python/cpython-3.13.15-linux-x86_64-gnu/lib/python3.13/asyncio/selector_events.py", line 683, in _sock_connect_cb
    raise OSError(err, f'Connect call failed {address}')
ConnectionRefusedError: [Errno 111] Connect call failed ('127.0.0.1', 5433)
Traceback (most recent call last):
  File "<frozen runpy>", line 203, in _run_module_as_main
  File "<frozen runpy>", line 88, in _run_code
  File "/home/ais04/thaqip/services/ingestion/src/thaqip_ingestion/award_watch.py", line 135, in <module>
    asyncio.run(main())
    ~~~~~~~~~~~^^^^^^^^
  File "/home/ais04/.local/share/uv/python/cpython-3.13.15-linux-x86_64-gnu/lib/python3.13/asyncio/runners.py", line 196, in run
    return runner.run(main)
           ~~~~~~~~~~^^^^^^
  File "/home/ais04/.local/share/uv/python/cpython-3.13.15-linux-x86_64-gnu/lib/python3.13/asyncio/runners.py", line 119, in run
    return self._loop.run_until_complete(task)
           ~~~~~~~~~~~~~~~~~~~~~~~~~~~~~^^^^^^
  File "/home/ais04/.local/share/uv/python/cpython-3.13.15-linux-x86_64-gnu/lib/python3.13/asyncio/base_events.py", line 726, in run_until_complete
    return future.result()
           ~~~~~~~~~~~~~^^
  File "/home/ais04/thaqip/services/ingestion/src/thaqip_ingestion/award_watch.py", line 102, in main
    pool = await db.connect(os.environ["DATABASE_URL"])
           ^^^^^^^^^^^^^^^^^^^^^^^^^^^^^^^^^^^^^^^^^^^^
  File "/home/ais04/thaqip/services/ingestion/src/thaqip_ingestion/db.py", line 72, in connect
    return await asyncpg.create_pool(dsn, min_size=1, max_size=4)
           ^^^^^^^^^^^^^^^^^^^^^^^^^^^^^^^^^^^^^^^^^^^^^^^^^^^^^^
  File "/home/ais04/thaqip/services/ingestion/.venv/lib/python3.13/site-packages/asyncpg/pool.py", line 439, in _async__init__
    await self._initialize()
  File "/home/ais04/thaqip/services/ingestion/.venv/lib/python3.13/site-packages/asyncpg/pool.py", line 466, in _initialize
    await first_ch.connect()
  File "/home/ais04/thaqip/services/ingestion/.venv/lib/python3.13/site-packages/asyncpg/pool.py", line 153, in connect
    self._con = await self._pool._get_new_connection()
                ^^^^^^^^^^^^^^^^^^^^^^^^^^^^^^^^^^^^^^
  File "/home/ais04/thaqip/services/ingestion/.venv/lib/python3.13/site-packages/asyncpg/pool.py", line 538, in _get_new_connection
    con = await self._connect(
          ^^^^^^^^^^^^^^^^^^^^
    ...<5 lines>...
    )
    ^
  File "/home/ais04/thaqip/services/ingestion/.venv/lib/python3.13/site-packages/asyncpg/connection.py", line 2443, in connect
    return await connect_utils._connect(
           ^^^^^^^^^^^^^^^^^^^^^^^^^^^^^
    ...<22 lines>...
    )
    ^
  File "/home/ais04/thaqip/services/ingestion/.venv/lib/python3.13/site-packages/asyncpg/connect_utils.py", line 1249, in _connect
    raise last_error or exceptions.TargetServerAttributeNotMatched(
    ...<2 lines>...
    )
  File "/home/ais04/thaqip/services/ingestion/.venv/lib/python3.13/site-packages/asyncpg/connect_utils.py", line 1218, in _connect
    conn = await _connect_addr(
           ^^^^^^^^^^^^^^^^^^^^
    ...<6 lines>...
    )
    ^
  File "/home/ais04/thaqip/services/ingestion/.venv/lib/python3.13/site-packages/asyncpg/connect_utils.py", line 1054, in _connect_addr
    return await __connect_addr(params, True, *args)
           ^^^^^^^^^^^^^^^^^^^^^^^^^^^^^^^^^^^^^^^^^
  File "/home/ais04/thaqip/services/ingestion/.venv/lib/python3.13/site-packages/asyncpg/connect_utils.py", line 1099, in __connect_addr
    tr, pr = await connector
             ^^^^^^^^^^^^^^^
  File "/home/ais04/thaqip/services/ingestion/.venv/lib/python3.13/site-packages/asyncpg/connect_utils.py", line 969, in _create_ssl_connection
    tr, pr = await loop.create_connection(
             ^^^^^^^^^^^^^^^^^^^^^^^^^^^^^
    ...<2 lines>...
        host, port)
        ^^^^^^^^^^^
  File "/home/ais04/.local/share/uv/python/cpython-3.13.15-linux-x86_64-gnu/lib/python3.13/asyncio/base_events.py", line 1172, in create_connection
    raise exceptions[0]
  File "/home/ais04/.local/share/uv/python/cpython-3.13.15-linux-x86_64-gnu/lib/python3.13/asyncio/base_events.py", line 1147, in create_connection
    sock = await self._connect_sock(
           ^^^^^^^^^^^^^^^^^^^^^^^^^
        exceptions, addrinfo, laddr_infos)
        ^^^^^^^^^^^^^^^^^^^^^^^^^^^^^^^^^^
  File "/home/ais04/.local/share/uv/python/cpython-3.13.15-linux-x86_64-gnu/lib/python3.13/asyncio/base_events.py", line 1046, in _connect_sock
    await self.sock_connect(sock, address)
  File "/home/ais04/.local/share/uv/python/cpython-3.13.15-linux-x86_64-gnu/lib/python3.13/asyncio/selector_events.py", line 643, in sock_connect
    return await fut
           ^^^^^^^^^
  File "/home/ais04/.local/share/uv/python/cpython-3.13.15-linux-x86_64-gnu/lib/python3.13/asyncio/selector_events.py", line 683, in _sock_connect_cb
    raise OSError(err, f'Connect call failed {address}')
ConnectionRefusedError: [Errno 111] Connect call failed ('127.0.0.1', 5433)
Traceback (most recent call last):
  File "<frozen runpy>", line 203, in _run_module_as_main
  File "<frozen runpy>", line 88, in _run_code
  File "/home/ais04/thaqip/services/ingestion/src/thaqip_ingestion/award_watch.py", line 135, in <module>
    asyncio.run(main())
    ~~~~~~~~~~~^^^^^^^^
  File "/home/ais04/.local/share/uv/python/cpython-3.13.15-linux-x86_64-gnu/lib/python3.13/asyncio/runners.py", line 196, in run
    return runner.run(main)
           ~~~~~~~~~~^^^^^^
  File "/home/ais04/.local/share/uv/python/cpython-3.13.15-linux-x86_64-gnu/lib/python3.13/asyncio/runners.py", line 119, in run
    return self._loop.run_until_complete(task)
           ~~~~~~~~~~~~~~~~~~~~~~~~~~~~~^^^^^^
  File "/home/ais04/.local/share/uv/python/cpython-3.13.15-linux-x86_64-gnu/lib/python3.13/asyncio/base_events.py", line 726, in run_until_complete
    return future.result()
           ~~~~~~~~~~~~~^^
  File "/home/ais04/thaqip/services/ingestion/src/thaqip_ingestion/award_watch.py", line 102, in main
    pool = await db.connect(os.environ["DATABASE_URL"])
           ^^^^^^^^^^^^^^^^^^^^^^^^^^^^^^^^^^^^^^^^^^^^
  File "/home/ais04/thaqip/services/ingestion/src/thaqip_ingestion/db.py", line 72, in connect
    return await asyncpg.create_pool(dsn, min_size=1, max_size=4)
           ^^^^^^^^^^^^^^^^^^^^^^^^^^^^^^^^^^^^^^^^^^^^^^^^^^^^^^
  File "/home/ais04/thaqip/services/ingestion/.venv/lib/python3.13/site-packages/asyncpg/pool.py", line 439, in _async__init__
    await self._initialize()
  File "/home/ais04/thaqip/services/ingestion/.venv/lib/python3.13/site-packages/asyncpg/pool.py", line 466, in _initialize
    await first_ch.connect()
  File "/home/ais04/thaqip/services/ingestion/.venv/lib/python3.13/site-packages/asyncpg/pool.py", line 153, in connect
    self._con = await self._pool._get_new_connection()
                ^^^^^^^^^^^^^^^^^^^^^^^^^^^^^^^^^^^^^^
  File "/home/ais04/thaqip/services/ingestion/.venv/lib/python3.13/site-packages/asyncpg/pool.py", line 538, in _get_new_connection
    con = await self._connect(
          ^^^^^^^^^^^^^^^^^^^^
    ...<5 lines>...
    )
    ^
  File "/home/ais04/thaqip/services/ingestion/.venv/lib/python3.13/site-packages/asyncpg/connection.py", line 2443, in connect
    return await connect_utils._connect(
           ^^^^^^^^^^^^^^^^^^^^^^^^^^^^^
    ...<22 lines>...
    )
    ^
  File "/home/ais04/thaqip/services/ingestion/.venv/lib/python3.13/site-packages/asyncpg/connect_utils.py", line 1249, in _connect
    raise last_error or exceptions.TargetServerAttributeNotMatched(
    ...<2 lines>...
    )
  File "/home/ais04/thaqip/services/ingestion/.venv/lib/python3.13/site-packages/asyncpg/connect_utils.py", line 1218, in _connect
    conn = await _connect_addr(
           ^^^^^^^^^^^^^^^^^^^^
    ...<6 lines>...
    )
    ^
  File "/home/ais04/thaqip/services/ingestion/.venv/lib/python3.13/site-packages/asyncpg/connect_utils.py", line 1054, in _connect_addr
    return await __connect_addr(params, True, *args)
           ^^^^^^^^^^^^^^^^^^^^^^^^^^^^^^^^^^^^^^^^^
  File "/home/ais04/thaqip/services/ingestion/.venv/lib/python3.13/site-packages/asyncpg/connect_utils.py", line 1099, in __connect_addr
    tr, pr = await connector
             ^^^^^^^^^^^^^^^
  File "/home/ais04/thaqip/services/ingestion/.venv/lib/python3.13/site-packages/asyncpg/connect_utils.py", line 969, in _create_ssl_connection
    tr, pr = await loop.create_connection(
             ^^^^^^^^^^^^^^^^^^^^^^^^^^^^^
    ...<2 lines>...
        host, port)
        ^^^^^^^^^^^
  File "/home/ais04/.local/share/uv/python/cpython-3.13.15-linux-x86_64-gnu/lib/python3.13/asyncio/base_events.py", line 1172, in create_connection
    raise exceptions[0]
  File "/home/ais04/.local/share/uv/python/cpython-3.13.15-linux-x86_64-gnu/lib/python3.13/asyncio/base_events.py", line 1147, in create_connection
    sock = await self._connect_sock(
           ^^^^^^^^^^^^^^^^^^^^^^^^^
        exceptions, addrinfo, laddr_infos)
        ^^^^^^^^^^^^^^^^^^^^^^^^^^^^^^^^^^
  File "/home/ais04/.local/share/uv/python/cpython-3.13.15-linux-x86_64-gnu/lib/python3.13/asyncio/base_events.py", line 1046, in _connect_sock
    await self.sock_connect(sock, address)
  File "/home/ais04/.local/share/uv/python/cpython-3.13.15-linux-x86_64-gnu/lib/python3.13/asyncio/selector_events.py", line 643, in sock_connect
    return await fut
           ^^^^^^^^^
  File "/home/ais04/.local/share/uv/python/cpython-3.13.15-linux-x86_64-gnu/lib/python3.13/asyncio/selector_events.py", line 683, in _sock_connect_cb
    raise OSError(err, f'Connect call failed {address}')
ConnectionRefusedError: [Errno 111] Connect call failed ('127.0.0.1', 5433)
Traceback (most recent call last):
  File "<frozen runpy>", line 203, in _run_module_as_main
  File "<frozen runpy>", line 88, in _run_code
  File "/home/ais04/thaqip/services/ingestion/src/thaqip_ingestion/award_watch.py", line 135, in <module>
    asyncio.run(main())
    ~~~~~~~~~~~^^^^^^^^
  File "/home/ais04/.local/share/uv/python/cpython-3.13.15-linux-x86_64-gnu/lib/python3.13/asyncio/runners.py", line 196, in run
    return runner.run(main)
           ~~~~~~~~~~^^^^^^
  File "/home/ais04/.local/share/uv/python/cpython-3.13.15-linux-x86_64-gnu/lib/python3.13/asyncio/runners.py", line 119, in run
    return self._loop.run_until_complete(task)
           ~~~~~~~~~~~~~~~~~~~~~~~~~~~~~^^^^^^
  File "/home/ais04/.local/share/uv/python/cpython-3.13.15-linux-x86_64-gnu/lib/python3.13/asyncio/base_events.py", line 726, in run_until_complete
    return future.result()
           ~~~~~~~~~~~~~^^
  File "/home/ais04/thaqip/services/ingestion/src/thaqip_ingestion/award_watch.py", line 102, in main
    pool = await db.connect(os.environ["DATABASE_URL"])
           ^^^^^^^^^^^^^^^^^^^^^^^^^^^^^^^^^^^^^^^^^^^^
  File "/home/ais04/thaqip/services/ingestion/src/thaqip_ingestion/db.py", line 72, in connect
    return await asyncpg.create_pool(dsn, min_size=1, max_size=4)
           ^^^^^^^^^^^^^^^^^^^^^^^^^^^^^^^^^^^^^^^^^^^^^^^^^^^^^^
  File "/home/ais04/thaqip/services/ingestion/.venv/lib/python3.13/site-packages/asyncpg/pool.py", line 439, in _async__init__
    await self._initialize()
  File "/home/ais04/thaqip/services/ingestion/.venv/lib/python3.13/site-packages/asyncpg/pool.py", line 466, in _initialize
    await first_ch.connect()
  File "/home/ais04/thaqip/services/ingestion/.venv/lib/python3.13/site-packages/asyncpg/pool.py", line 153, in connect
    self._con = await self._pool._get_new_connection()
                ^^^^^^^^^^^^^^^^^^^^^^^^^^^^^^^^^^^^^^
  File "/home/ais04/thaqip/services/ingestion/.venv/lib/python3.13/site-packages/asyncpg/pool.py", line 538, in _get_new_connection
    con = await self._connect(
          ^^^^^^^^^^^^^^^^^^^^
    ...<5 lines>...
    )
    ^
  File "/home/ais04/thaqip/services/ingestion/.venv/lib/python3.13/site-packages/asyncpg/connection.py", line 2443, in connect
    return await connect_utils._connect(
           ^^^^^^^^^^^^^^^^^^^^^^^^^^^^^
    ...<22 lines>...
    )
    ^
  File "/home/ais04/thaqip/services/ingestion/.venv/lib/python3.13/site-packages/asyncpg/connect_utils.py", line 1249, in _connect
    raise last_error or exceptions.TargetServerAttributeNotMatched(
    ...<2 lines>...
    )
  File "/home/ais04/thaqip/services/ingestion/.venv/lib/python3.13/site-packages/asyncpg/connect_utils.py", line 1218, in _connect
    conn = await _connect_addr(
           ^^^^^^^^^^^^^^^^^^^^
    ...<6 lines>...
    )
    ^
  File "/home/ais04/thaqip/services/ingestion/.venv/lib/python3.13/site-packages/asyncpg/connect_utils.py", line 1054, in _connect_addr
    return await __connect_addr(params, True, *args)
           ^^^^^^^^^^^^^^^^^^^^^^^^^^^^^^^^^^^^^^^^^
  File "/home/ais04/thaqip/services/ingestion/.venv/lib/python3.13/site-packages/asyncpg/connect_utils.py", line 1099, in __connect_addr
    tr, pr = await connector
             ^^^^^^^^^^^^^^^
  File "/home/ais04/thaqip/services/ingestion/.venv/lib/python3.13/site-packages/asyncpg/connect_utils.py", line 969, in _create_ssl_connection
    tr, pr = await loop.create_connection(
             ^^^^^^^^^^^^^^^^^^^^^^^^^^^^^
    ...<2 lines>...
        host, port)
        ^^^^^^^^^^^
  File "/home/ais04/.local/share/uv/python/cpython-3.13.15-linux-x86_64-gnu/lib/python3.13/asyncio/base_events.py", line 1172, in create_connection
    raise exceptions[0]
  File "/home/ais04/.local/share/uv/python/cpython-3.13.15-linux-x86_64-gnu/lib/python3.13/asyncio/base_events.py", line 1147, in create_connection
    sock = await self._connect_sock(
           ^^^^^^^^^^^^^^^^^^^^^^^^^
        exceptions, addrinfo, laddr_infos)
        ^^^^^^^^^^^^^^^^^^^^^^^^^^^^^^^^^^
  File "/home/ais04/.local/share/uv/python/cpython-3.13.15-linux-x86_64-gnu/lib/python3.13/asyncio/base_events.py", line 1046, in _connect_sock
    await self.sock_connect(sock, address)
  File "/home/ais04/.local/share/uv/python/cpython-3.13.15-linux-x86_64-gnu/lib/python3.13/asyncio/selector_events.py", line 643, in sock_connect
    return await fut
           ^^^^^^^^^
  File "/home/ais04/.local/share/uv/python/cpython-3.13.15-linux-x86_64-gnu/lib/python3.13/asyncio/selector_events.py", line 683, in _sock_connect_cb
    raise OSError(err, f'Connect call failed {address}')
ConnectionRefusedError: [Errno 111] Connect call failed ('127.0.0.1', 5433)
Traceback (most recent call last):
  File "<frozen runpy>", line 203, in _run_module_as_main
  File "<frozen runpy>", line 88, in _run_code
  File "/home/ais04/thaqip/services/ingestion/src/thaqip_ingestion/award_watch.py", line 135, in <module>
    asyncio.run(main())
    ~~~~~~~~~~~^^^^^^^^
  File "/home/ais04/.local/share/uv/python/cpython-3.13.15-linux-x86_64-gnu/lib/python3.13/asyncio/runners.py", line 196, in run
    return runner.run(main)
           ~~~~~~~~~~^^^^^^
  File "/home/ais04/.local/share/uv/python/cpython-3.13.15-linux-x86_64-gnu/lib/python3.13/asyncio/runners.py", line 119, in run
    return self._loop.run_until_complete(task)
           ~~~~~~~~~~~~~~~~~~~~~~~~~~~~~^^^^^^
  File "/home/ais04/.local/share/uv/python/cpython-3.13.15-linux-x86_64-gnu/lib/python3.13/asyncio/base_events.py", line 726, in run_until_complete
    return future.result()
           ~~~~~~~~~~~~~^^
  File "/home/ais04/thaqip/services/ingestion/src/thaqip_ingestion/award_watch.py", line 102, in main
    pool = await db.connect(os.environ["DATABASE_URL"])
           ^^^^^^^^^^^^^^^^^^^^^^^^^^^^^^^^^^^^^^^^^^^^
  File "/home/ais04/thaqip/services/ingestion/src/thaqip_ingestion/db.py", line 72, in connect
    return await asyncpg.create_pool(dsn, min_size=1, max_size=4)
           ^^^^^^^^^^^^^^^^^^^^^^^^^^^^^^^^^^^^^^^^^^^^^^^^^^^^^^
  File "/home/ais04/thaqip/services/ingestion/.venv/lib/python3.13/site-packages/asyncpg/pool.py", line 439, in _async__init__
    await self._initialize()
  File "/home/ais04/thaqip/services/ingestion/.venv/lib/python3.13/site-packages/asyncpg/pool.py", line 466, in _initialize
    await first_ch.connect()
  File "/home/ais04/thaqip/services/ingestion/.venv/lib/python3.13/site-packages/asyncpg/pool.py", line 153, in connect
    self._con = await self._pool._get_new_connection()
                ^^^^^^^^^^^^^^^^^^^^^^^^^^^^^^^^^^^^^^
  File "/home/ais04/thaqip/services/ingestion/.venv/lib/python3.13/site-packages/asyncpg/pool.py", line 538, in _get_new_connection
    con = await self._connect(
          ^^^^^^^^^^^^^^^^^^^^
    ...<5 lines>...
    )
    ^
  File "/home/ais04/thaqip/services/ingestion/.venv/lib/python3.13/site-packages/asyncpg/connection.py", line 2443, in connect
    return await connect_utils._connect(
           ^^^^^^^^^^^^^^^^^^^^^^^^^^^^^
    ...<22 lines>...
    )
    ^
  File "/home/ais04/thaqip/services/ingestion/.venv/lib/python3.13/site-packages/asyncpg/connect_utils.py", line 1249, in _connect
    raise last_error or exceptions.TargetServerAttributeNotMatched(
    ...<2 lines>...
    )
  File "/home/ais04/thaqip/services/ingestion/.venv/lib/python3.13/site-packages/asyncpg/connect_utils.py", line 1218, in _connect
    conn = await _connect_addr(
           ^^^^^^^^^^^^^^^^^^^^
    ...<6 lines>...
    )
    ^
  File "/home/ais04/thaqip/services/ingestion/.venv/lib/python3.13/site-packages/asyncpg/connect_utils.py", line 1054, in _connect_addr
    return await __connect_addr(params, True, *args)
           ^^^^^^^^^^^^^^^^^^^^^^^^^^^^^^^^^^^^^^^^^
  File "/home/ais04/thaqip/services/ingestion/.venv/lib/python3.13/site-packages/asyncpg/connect_utils.py", line 1099, in __connect_addr
    tr, pr = await connector
             ^^^^^^^^^^^^^^^
  File "/home/ais04/thaqip/services/ingestion/.venv/lib/python3.13/site-packages/asyncpg/connect_utils.py", line 969, in _create_ssl_connection
    tr, pr = await loop.create_connection(
             ^^^^^^^^^^^^^^^^^^^^^^^^^^^^^
    ...<2 lines>...
        host, port)
        ^^^^^^^^^^^
  File "/home/ais04/.local/share/uv/python/cpython-3.13.15-linux-x86_64-gnu/lib/python3.13/asyncio/base_events.py", line 1172, in create_connection
    raise exceptions[0]
  File "/home/ais04/.local/share/uv/python/cpython-3.13.15-linux-x86_64-gnu/lib/python3.13/asyncio/base_events.py", line 1147, in create_connection
    sock = await self._connect_sock(
           ^^^^^^^^^^^^^^^^^^^^^^^^^
        exceptions, addrinfo, laddr_infos)
        ^^^^^^^^^^^^^^^^^^^^^^^^^^^^^^^^^^
  File "/home/ais04/.local/share/uv/python/cpython-3.13.15-linux-x86_64-gnu/lib/python3.13/asyncio/base_events.py", line 1046, in _connect_sock
    await self.sock_connect(sock, address)
  File "/home/ais04/.local/share/uv/python/cpython-3.13.15-linux-x86_64-gnu/lib/python3.13/asyncio/selector_events.py", line 643, in sock_connect
    return await fut
           ^^^^^^^^^
  File "/home/ais04/.local/share/uv/python/cpython-3.13.15-linux-x86_64-gnu/lib/python3.13/asyncio/selector_events.py", line 683, in _sock_connect_cb
    raise OSError(err, f'Connect call failed {address}')
ConnectionRefusedError: [Errno 111] Connect call failed ('127.0.0.1', 5433)
Traceback (most recent call last):
  File "<frozen runpy>", line 203, in _run_module_as_main
  File "<frozen runpy>", line 88, in _run_code
  File "/home/ais04/thaqip/services/ingestion/src/thaqip_ingestion/award_watch.py", line 135, in <module>
    asyncio.run(main())
    ~~~~~~~~~~~^^^^^^^^
  File "/home/ais04/.local/share/uv/python/cpython-3.13.15-linux-x86_64-gnu/lib/python3.13/asyncio/runners.py", line 196, in run
    return runner.run(main)
           ~~~~~~~~~~^^^^^^
  File "/home/ais04/.local/share/uv/python/cpython-3.13.15-linux-x86_64-gnu/lib/python3.13/asyncio/runners.py", line 119, in run
    return self._loop.run_until_complete(task)
           ~~~~~~~~~~~~~~~~~~~~~~~~~~~~~^^^^^^
  File "/home/ais04/.local/share/uv/python/cpython-3.13.15-linux-x86_64-gnu/lib/python3.13/asyncio/base_events.py", line 726, in run_until_complete
    return future.result()
           ~~~~~~~~~~~~~^^
  File "/home/ais04/thaqip/services/ingestion/src/thaqip_ingestion/award_watch.py", line 102, in main
    pool = await db.connect(os.environ["DATABASE_URL"])
           ^^^^^^^^^^^^^^^^^^^^^^^^^^^^^^^^^^^^^^^^^^^^
  File "/home/ais04/thaqip/services/ingestion/src/thaqip_ingestion/db.py", line 72, in connect
    return await asyncpg.create_pool(dsn, min_size=1, max_size=4)
           ^^^^^^^^^^^^^^^^^^^^^^^^^^^^^^^^^^^^^^^^^^^^^^^^^^^^^^
  File "/home/ais04/thaqip/services/ingestion/.venv/lib/python3.13/site-packages/asyncpg/pool.py", line 439, in _async__init__
    await self._initialize()
  File "/home/ais04/thaqip/services/ingestion/.venv/lib/python3.13/site-packages/asyncpg/pool.py", line 466, in _initialize
    await first_ch.connect()
  File "/home/ais04/thaqip/services/ingestion/.venv/lib/python3.13/site-packages/asyncpg/pool.py", line 153, in connect
    self._con = await self._pool._get_new_connection()
                ^^^^^^^^^^^^^^^^^^^^^^^^^^^^^^^^^^^^^^
  File "/home/ais04/thaqip/services/ingestion/.venv/lib/python3.13/site-packages/asyncpg/pool.py", line 538, in _get_new_connection
    con = await self._connect(
          ^^^^^^^^^^^^^^^^^^^^
    ...<5 lines>...
    )
    ^
  File "/home/ais04/thaqip/services/ingestion/.venv/lib/python3.13/site-packages/asyncpg/connection.py", line 2443, in connect
    return await connect_utils._connect(
           ^^^^^^^^^^^^^^^^^^^^^^^^^^^^^
    ...<22 lines>...
    )
    ^
  File "/home/ais04/thaqip/services/ingestion/.venv/lib/python3.13/site-packages/asyncpg/connect_utils.py", line 1249, in _connect
    raise last_error or exceptions.TargetServerAttributeNotMatched(
    ...<2 lines>...
    )
  File "/home/ais04/thaqip/services/ingestion/.venv/lib/python3.13/site-packages/asyncpg/connect_utils.py", line 1218, in _connect
    conn = await _connect_addr(
           ^^^^^^^^^^^^^^^^^^^^
    ...<6 lines>...
    )
    ^
  File "/home/ais04/thaqip/services/ingestion/.venv/lib/python3.13/site-packages/asyncpg/connect_utils.py", line 1054, in _connect_addr
    return await __connect_addr(params, True, *args)
           ^^^^^^^^^^^^^^^^^^^^^^^^^^^^^^^^^^^^^^^^^
  File "/home/ais04/thaqip/services/ingestion/.venv/lib/python3.13/site-packages/asyncpg/connect_utils.py", line 1099, in __connect_addr
    tr, pr = await connector
             ^^^^^^^^^^^^^^^
  File "/home/ais04/thaqip/services/ingestion/.venv/lib/python3.13/site-packages/asyncpg/connect_utils.py", line 969, in _create_ssl_connection
    tr, pr = await loop.create_connection(
             ^^^^^^^^^^^^^^^^^^^^^^^^^^^^^
    ...<2 lines>...
        host, port)
        ^^^^^^^^^^^
  File "/home/ais04/.local/share/uv/python/cpython-3.13.15-linux-x86_64-gnu/lib/python3.13/asyncio/base_events.py", line 1172, in create_connection
    raise exceptions[0]
  File "/home/ais04/.local/share/uv/python/cpython-3.13.15-linux-x86_64-gnu/lib/python3.13/asyncio/base_events.py", line 1147, in create_connection
    sock = await self._connect_sock(
           ^^^^^^^^^^^^^^^^^^^^^^^^^
        exceptions, addrinfo, laddr_infos)
        ^^^^^^^^^^^^^^^^^^^^^^^^^^^^^^^^^^
  File "/home/ais04/.local/share/uv/python/cpython-3.13.15-linux-x86_64-gnu/lib/python3.13/asyncio/base_events.py", line 1046, in _connect_sock
    await self.sock_connect(sock, address)
  File "/home/ais04/.local/share/uv/python/cpython-3.13.15-linux-x86_64-gnu/lib/python3.13/asyncio/selector_events.py", line 643, in sock_connect
    return await fut
           ^^^^^^^^^
  File "/home/ais04/.local/share/uv/python/cpython-3.13.15-linux-x86_64-gnu/lib/python3.13/asyncio/selector_events.py", line 683, in _sock_connect_cb
    raise OSError(err, f'Connect call failed {address}')
ConnectionRefusedError: [Errno 111] Connect call failed ('127.0.0.1', 5433)
2026-09-07 12:50:02,023 thaqip_ingestion.etimad.session INFO bootstrapping Etimad session via headless browser
2026-09-07 12:50:10,639 thaqip_ingestion.etimad.session INFO bootstrap complete: 14 cookies (10 TSPD)
2026-09-07 12:50:11,146 httpx INFO HTTP Request: GET https://tenders.etimad.sa/Tender/GetRelationsDetailsViewComponenet?tenderIdStr=7hirT+YvSx5S7+hAZp7K0Q%3D%3D "HTTP/1.1 200 OK"
2026-09-07 12:50:12,207 httpx INFO HTTP Request: GET https://tenders.etimad.sa/Tender/GetTenderDatesViewComponenet?tenderIdStr=7hirT+YvSx5S7+hAZp7K0Q%3D%3D "HTTP/1.1 200 OK"
2026-09-07 12:50:13,251 httpx INFO HTTP Request: GET https://tenders.etimad.sa/Tender/GetAttachmentsViewComponenet?tenderIdStr=7hirT+YvSx5S7+hAZp7K0Q%3D%3D "HTTP/1.1 200 OK"
2026-09-07 12:50:14,312 httpx INFO HTTP Request: GET https://tenders.etimad.sa/Tender/GetAwardingResultsForVisitorViewComponenet?tenderIdStr=7hirT+YvSx5S7+hAZp7K0Q%3D%3D "HTTP/1.1 200 OK"
2026-09-07 12:50:17,386 thaqip.award_watch INFO enriched 1 pursuits from detail components
2026-09-07 12:50:17,522 httpx INFO HTTP Request: GET https://tenders.etimad.sa/Tender/GetAwardingResultsForVisitorViewComponenet?tenderIdStr=mBvjGnW7iN50HUuOfLSagg%3D%3D "HTTP/1.1 200 OK"
2026-09-07 12:50:20,528 thaqip.award_watch INFO checked 1 pursued tenders, 0 newly announced
2026-09-07 16:50:01,715 thaqip_ingestion.etimad.session INFO bootstrapping Etimad session via headless browser
2026-09-07 16:50:09,989 thaqip_ingestion.etimad.session INFO bootstrap complete: 14 cookies (10 TSPD)
2026-09-07 16:50:10,366 httpx INFO HTTP Request: GET https://tenders.etimad.sa/Tender/GetAwardingResultsForVisitorViewComponenet?tenderIdStr=mBvjGnW7iN50HUuOfLSagg%3D%3D "HTTP/1.1 200 OK"
2026-09-07 16:50:13,369 thaqip.award_watch INFO checked 1 pursued tenders, 0 newly announced
2026-09-07 20:50:01,631 thaqip_ingestion.etimad.session INFO bootstrapping Etimad session via headless browser
2026-09-07 20:50:14,638 thaqip_ingestion.etimad.session INFO bootstrap complete: 14 cookies (10 TSPD)
2026-09-07 20:50:14,820 httpx INFO HTTP Request: GET https://tenders.etimad.sa/Tender/GetAwardingResultsForVisitorViewComponenet?tenderIdStr=mBvjGnW7iN50HUuOfLSagg%3D%3D "HTTP/1.1 200 OK"
2026-09-07 20:50:17,826 thaqip.award_watch INFO checked 1 pursued tenders, 0 newly announced
2026-09-08 00:50:01,970 thaqip_ingestion.etimad.session INFO bootstrapping Etimad session via headless browser
2026-09-08 00:50:11,956 thaqip_ingestion.etimad.session INFO bootstrap complete: 14 cookies (10 TSPD)
2026-09-08 00:50:12,260 httpx INFO HTTP Request: GET https://tenders.etimad.sa/Tender/GetRelationsDetailsViewComponenet?tenderIdStr=qN5wJ%2A%40%40%2A%2AYqzB7ZVORjSdGerw%3D%3D "HTTP/1.1 200 OK"
2026-09-08 00:50:13,318 httpx INFO HTTP Request: GET https://tenders.etimad.sa/Tender/GetTenderDatesViewComponenet?tenderIdStr=qN5wJ%2A%40%40%2A%2AYqzB7ZVORjSdGerw%3D%3D "HTTP/1.1 200 OK"
2026-09-08 00:50:14,370 httpx INFO HTTP Request: GET https://tenders.etimad.sa/Tender/GetAttachmentsViewComponenet?tenderIdStr=qN5wJ%2A%40%40%2A%2AYqzB7ZVORjSdGerw%3D%3D "HTTP/1.1 200 OK"
2026-09-08 00:50:15,428 httpx INFO HTTP Request: GET https://tenders.etimad.sa/Tender/GetAwardingResultsForVisitorViewComponenet?tenderIdStr=qN5wJ%2A%40%40%2A%2AYqzB7ZVORjSdGerw%3D%3D "HTTP/1.1 200 OK"
2026-09-08 00:50:18,525 thaqip.award_watch INFO enriched 1 pursuits from detail components
2026-09-08 00:50:18,673 httpx INFO HTTP Request: GET https://tenders.etimad.sa/Tender/GetAwardingResultsForVisitorViewComponenet?tenderIdStr=mBvjGnW7iN50HUuOfLSagg%3D%3D "HTTP/1.1 200 OK"
2026-09-08 00:50:21,678 thaqip.award_watch INFO checked 1 pursued tenders, 0 newly announced
2026-09-08 04:50:02,343 thaqip_ingestion.etimad.session INFO bootstrapping Etimad session via headless browser
2026-09-08 04:50:10,365 thaqip_ingestion.etimad.session INFO bootstrap complete: 14 cookies (10 TSPD)
2026-09-08 04:50:10,571 httpx INFO HTTP Request: GET https://tenders.etimad.sa/Tender/GetAwardingResultsForVisitorViewComponenet?tenderIdStr=mBvjGnW7iN50HUuOfLSagg%3D%3D "HTTP/1.1 200 OK"
2026-09-08 04:50:13,574 thaqip.award_watch INFO checked 1 pursued tenders, 0 newly announced
2026-09-08 08:50:02,449 thaqip_ingestion.etimad.session INFO bootstrapping Etimad session via headless browser
2026-09-08 08:50:10,743 thaqip_ingestion.etimad.session INFO bootstrap complete: 14 cookies (10 TSPD)
2026-09-08 08:50:10,932 httpx INFO HTTP Request: GET https://tenders.etimad.sa/Tender/GetAwardingResultsForVisitorViewComponenet?tenderIdStr=mBvjGnW7iN50HUuOfLSagg%3D%3D "HTTP/1.1 200 OK"
2026-09-08 08:50:13,937 thaqip.award_watch INFO checked 1 pursued tenders, 0 newly announced
Traceback (most recent call last):
  File "<frozen runpy>", line 203, in _run_module_as_main
  File "<frozen runpy>", line 88, in _run_code
  File "/home/ais04/thaqip/services/ingestion/src/thaqip_ingestion/award_watch.py", line 135, in <module>
    asyncio.run(main())
    ~~~~~~~~~~~^^^^^^^^
  File "/home/ais04/.local/share/uv/python/cpython-3.13.15-linux-x86_64-gnu/lib/python3.13/asyncio/runners.py", line 196, in run
    return runner.run(main)
           ~~~~~~~~~~^^^^^^
  File "/home/ais04/.local/share/uv/python/cpython-3.13.15-linux-x86_64-gnu/lib/python3.13/asyncio/runners.py", line 119, in run
    return self._loop.run_until_complete(task)
           ~~~~~~~~~~~~~~~~~~~~~~~~~~~~~^^^^^^
  File "/home/ais04/.local/share/uv/python/cpython-3.13.15-linux-x86_64-gnu/lib/python3.13/asyncio/base_events.py", line 726, in run_until_complete
    return future.result()
           ~~~~~~~~~~~~~^^
  File "/home/ais04/thaqip/services/ingestion/src/thaqip_ingestion/award_watch.py", line 102, in main
    pool = await db.connect(os.environ["DATABASE_URL"])
           ^^^^^^^^^^^^^^^^^^^^^^^^^^^^^^^^^^^^^^^^^^^^
  File "/home/ais04/thaqip/services/ingestion/src/thaqip_ingestion/db.py", line 72, in connect
    return await asyncpg.create_pool(dsn, min_size=1, max_size=4)
           ^^^^^^^^^^^^^^^^^^^^^^^^^^^^^^^^^^^^^^^^^^^^^^^^^^^^^^
  File "/home/ais04/thaqip/services/ingestion/.venv/lib/python3.13/site-packages/asyncpg/pool.py", line 439, in _async__init__
    await self._initialize()
  File "/home/ais04/thaqip/services/ingestion/.venv/lib/python3.13/site-packages/asyncpg/pool.py", line 466, in _initialize
    await first_ch.connect()
  File "/home/ais04/thaqip/services/ingestion/.venv/lib/python3.13/site-packages/asyncpg/pool.py", line 153, in connect
    self._con = await self._pool._get_new_connection()
                ^^^^^^^^^^^^^^^^^^^^^^^^^^^^^^^^^^^^^^
  File "/home/ais04/thaqip/services/ingestion/.venv/lib/python3.13/site-packages/asyncpg/pool.py", line 538, in _get_new_connection
    con = await self._connect(
          ^^^^^^^^^^^^^^^^^^^^
    ...<5 lines>...
    )
    ^
  File "/home/ais04/thaqip/services/ingestion/.venv/lib/python3.13/site-packages/asyncpg/connection.py", line 2443, in connect
    return await connect_utils._connect(
           ^^^^^^^^^^^^^^^^^^^^^^^^^^^^^
    ...<22 lines>...
    )
    ^
  File "/home/ais04/thaqip/services/ingestion/.venv/lib/python3.13/site-packages/asyncpg/connect_utils.py", line 1249, in _connect
    raise last_error or exceptions.TargetServerAttributeNotMatched(
    ...<2 lines>...
    )
  File "/home/ais04/thaqip/services/ingestion/.venv/lib/python3.13/site-packages/asyncpg/connect_utils.py", line 1218, in _connect
    conn = await _connect_addr(
           ^^^^^^^^^^^^^^^^^^^^
    ...<6 lines>...
    )
    ^
  File "/home/ais04/thaqip/services/ingestion/.venv/lib/python3.13/site-packages/asyncpg/connect_utils.py", line 1054, in _connect_addr
    return await __connect_addr(params, True, *args)
           ^^^^^^^^^^^^^^^^^^^^^^^^^^^^^^^^^^^^^^^^^
  File "/home/ais04/thaqip/services/ingestion/.venv/lib/python3.13/site-packages/asyncpg/connect_utils.py", line 1099, in __connect_addr
    tr, pr = await connector
             ^^^^^^^^^^^^^^^
  File "/home/ais04/thaqip/services/ingestion/.venv/lib/python3.13/site-packages/asyncpg/connect_utils.py", line 969, in _create_ssl_connection
    tr, pr = await loop.create_connection(
             ^^^^^^^^^^^^^^^^^^^^^^^^^^^^^
    ...<2 lines>...
        host, port)
        ^^^^^^^^^^^
  File "/home/ais04/.local/share/uv/python/cpython-3.13.15-linux-x86_64-gnu/lib/python3.13/asyncio/base_events.py", line 1172, in create_connection
    raise exceptions[0]
  File "/home/ais04/.local/share/uv/python/cpython-3.13.15-linux-x86_64-gnu/lib/python3.13/asyncio/base_events.py", line 1147, in create_connection
    sock = await self._connect_sock(
           ^^^^^^^^^^^^^^^^^^^^^^^^^
        exceptions, addrinfo, laddr_infos)
        ^^^^^^^^^^^^^^^^^^^^^^^^^^^^^^^^^^
  File "/home/ais04/.local/share/uv/python/cpython-3.13.15-linux-x86_64-gnu/lib/python3.13/asyncio/base_events.py", line 1046, in _connect_sock
    await self.sock_connect(sock, address)
  File "/home/ais04/.local/share/uv/python/cpython-3.13.15-linux-x86_64-gnu/lib/python3.13/asyncio/selector_events.py", line 643, in sock_connect
    return await fut
           ^^^^^^^^^
  File "/home/ais04/.local/share/uv/python/cpython-3.13.15-linux-x86_64-gnu/lib/python3.13/asyncio/selector_events.py", line 683, in _sock_connect_cb
    raise OSError(err, f'Connect call failed {address}')
ConnectionRefusedError: [Errno 111] Connect call failed ('127.0.0.1', 5433)
2026-09-08 16:50:02,369 thaqip_ingestion.etimad.session INFO bootstrapping Etimad session via headless browser
2026-09-08 16:50:11,423 thaqip_ingestion.etimad.session INFO bootstrap complete: 14 cookies (10 TSPD)
2026-09-08 16:50:11,683 httpx INFO HTTP Request: GET https://tenders.etimad.sa/Tender/GetAwardingResultsForVisitorViewComponenet?tenderIdStr=mBvjGnW7iN50HUuOfLSagg%3D%3D "HTTP/1.1 200 OK"
2026-09-08 16:50:14,688 thaqip.award_watch INFO checked 1 pursued tenders, 0 newly announced
2026-09-08 20:50:02,143 thaqip_ingestion.etimad.session INFO bootstrapping Etimad session via headless browser
2026-09-08 20:50:10,160 thaqip_ingestion.etimad.session INFO bootstrap complete: 14 cookies (10 TSPD)
2026-09-08 20:50:10,341 httpx INFO HTTP Request: GET https://tenders.etimad.sa/Tender/GetAwardingResultsForVisitorViewComponenet?tenderIdStr=mBvjGnW7iN50HUuOfLSagg%3D%3D "HTTP/1.1 200 OK"
2026-09-08 20:50:13,346 thaqip.award_watch INFO checked 1 pursued tenders, 0 newly announced
2026-09-09 00:50:02,098 thaqip_ingestion.etimad.session INFO bootstrapping Etimad session via headless browser
2026-09-09 00:50:10,796 thaqip_ingestion.etimad.session INFO bootstrap complete: 14 cookies (10 TSPD)
2026-09-09 00:50:11,181 httpx INFO HTTP Request: GET https://tenders.etimad.sa/Tender/GetRelationsDetailsViewComponenet?tenderIdStr=IbfacqqvSRrnyxNcdWyMcQ%3D%3D "HTTP/1.1 200 OK"
2026-09-09 00:50:12,264 httpx INFO HTTP Request: GET https://tenders.etimad.sa/Tender/GetTenderDatesViewComponenet?tenderIdStr=IbfacqqvSRrnyxNcdWyMcQ%3D%3D "HTTP/1.1 200 OK"
2026-09-09 00:50:13,314 httpx INFO HTTP Request: GET https://tenders.etimad.sa/Tender/GetAttachmentsViewComponenet?tenderIdStr=IbfacqqvSRrnyxNcdWyMcQ%3D%3D "HTTP/1.1 200 OK"
2026-09-09 00:50:14,392 httpx INFO HTTP Request: GET https://tenders.etimad.sa/Tender/GetAwardingResultsForVisitorViewComponenet?tenderIdStr=IbfacqqvSRrnyxNcdWyMcQ%3D%3D "HTTP/1.1 200 OK"
2026-09-09 00:50:17,415 thaqip.award_watch INFO enriched 1 pursuits from detail components
2026-09-09 00:50:17,585 httpx INFO HTTP Request: GET https://tenders.etimad.sa/Tender/GetAwardingResultsForVisitorViewComponenet?tenderIdStr=mBvjGnW7iN50HUuOfLSagg%3D%3D "HTTP/1.1 200 OK"
2026-09-09 00:50:20,589 thaqip.award_watch INFO checked 1 pursued tenders, 0 newly announced
2026-09-09 04:50:02,293 thaqip_ingestion.etimad.session INFO bootstrapping Etimad session via headless browser
2026-09-09 04:50:10,472 thaqip_ingestion.etimad.session INFO bootstrap complete: 14 cookies (10 TSPD)
2026-09-09 04:50:10,664 httpx INFO HTTP Request: GET https://tenders.etimad.sa/Tender/GetAwardingResultsForVisitorViewComponenet?tenderIdStr=mBvjGnW7iN50HUuOfLSagg%3D%3D "HTTP/1.1 200 OK"
2026-09-09 04:50:13,669 thaqip.award_watch INFO checked 1 pursued tenders, 0 newly announced
2026-09-09 08:50:01,567 thaqip_ingestion.etimad.session INFO bootstrapping Etimad session via headless browser
2026-09-09 08:50:10,926 thaqip_ingestion.etimad.session INFO bootstrap complete: 14 cookies (10 TSPD)
2026-09-09 08:50:11,222 httpx INFO HTTP Request: GET https://tenders.etimad.sa/Tender/GetRelationsDetailsViewComponenet?tenderIdStr=e28JRd3YOBbAJdAygqMSFQ%3D%3D "HTTP/1.1 200 OK"
2026-09-09 08:50:12,306 httpx INFO HTTP Request: GET https://tenders.etimad.sa/Tender/GetTenderDatesViewComponenet?tenderIdStr=e28JRd3YOBbAJdAygqMSFQ%3D%3D "HTTP/1.1 200 OK"
2026-09-09 08:50:13,369 httpx INFO HTTP Request: GET https://tenders.etimad.sa/Tender/GetAttachmentsViewComponenet?tenderIdStr=e28JRd3YOBbAJdAygqMSFQ%3D%3D "HTTP/1.1 200 OK"
2026-09-09 08:50:14,448 httpx INFO HTTP Request: GET https://tenders.etimad.sa/Tender/GetAwardingResultsForVisitorViewComponenet?tenderIdStr=e28JRd3YOBbAJdAygqMSFQ%3D%3D "HTTP/1.1 200 OK"
2026-09-09 08:50:17,502 thaqip.award_watch INFO enriched 1 pursuits from detail components
2026-09-09 08:50:17,678 httpx INFO HTTP Request: GET https://tenders.etimad.sa/Tender/GetAwardingResultsForVisitorViewComponenet?tenderIdStr=mBvjGnW7iN50HUuOfLSagg%3D%3D "HTTP/1.1 200 OK"
2026-09-09 08:50:20,684 thaqip.award_watch INFO checked 1 pursued tenders, 0 newly announced
2026-09-09 12:50:02,503 thaqip_ingestion.etimad.session INFO bootstrapping Etimad session via headless browser
2026-09-09 12:50:10,604 thaqip_ingestion.etimad.session INFO bootstrap complete: 14 cookies (10 TSPD)
2026-09-09 12:50:10,961 httpx INFO HTTP Request: GET https://tenders.etimad.sa/Tender/GetAwardingResultsForVisitorViewComponenet?tenderIdStr=mBvjGnW7iN50HUuOfLSagg%3D%3D "HTTP/1.1 200 OK"
2026-09-09 12:50:13,966 thaqip.award_watch INFO checked 1 pursued tenders, 0 newly announced
2026-09-09 16:50:01,864 thaqip_ingestion.etimad.session INFO bootstrapping Etimad session via headless browser
2026-09-09 16:50:09,955 thaqip_ingestion.etimad.session INFO bootstrap complete: 14 cookies (10 TSPD)
2026-09-09 16:50:10,358 httpx INFO HTTP Request: GET https://tenders.etimad.sa/Tender/GetAwardingResultsForVisitorViewComponenet?tenderIdStr=mBvjGnW7iN50HUuOfLSagg%3D%3D "HTTP/1.1 200 OK"
2026-09-09 16:50:13,362 thaqip.award_watch INFO checked 1 pursued tenders, 0 newly announced
2026-09-09 20:50:02,072 thaqip_ingestion.etimad.session INFO bootstrapping Etimad session via headless browser
2026-09-09 20:50:13,107 thaqip_ingestion.etimad.session INFO bootstrap complete: 14 cookies (10 TSPD)
2026-09-09 20:50:13,273 httpx INFO HTTP Request: GET https://tenders.etimad.sa/Tender/GetAwardingResultsForVisitorViewComponenet?tenderIdStr=mBvjGnW7iN50HUuOfLSagg%3D%3D "HTTP/1.1 200 OK"
2026-09-09 20:50:16,278 thaqip.award_watch INFO checked 1 pursued tenders, 0 newly announced
2026-09-10 00:50:02,168 thaqip_ingestion.etimad.session INFO bootstrapping Etimad session via headless browser
2026-09-10 00:50:11,330 thaqip_ingestion.etimad.session INFO bootstrap complete: 14 cookies (10 TSPD)
2026-09-10 00:50:11,726 httpx INFO HTTP Request: GET https://tenders.etimad.sa/Tender/GetAwardingResultsForVisitorViewComponenet?tenderIdStr=mBvjGnW7iN50HUuOfLSagg%3D%3D "HTTP/1.1 200 OK"
2026-09-10 00:50:14,731 thaqip.award_watch INFO checked 1 pursued tenders, 0 newly announced
2026-09-10 04:50:01,727 thaqip_ingestion.etimad.session INFO bootstrapping Etimad session via headless browser
2026-09-10 04:50:10,342 thaqip_ingestion.etimad.session INFO bootstrap complete: 14 cookies (10 TSPD)
2026-09-10 04:50:11,716 httpx INFO HTTP Request: GET https://tenders.etimad.sa/Tender/GetAwardingResultsForVisitorViewComponenet?tenderIdStr=mBvjGnW7iN50HUuOfLSagg%3D%3D "HTTP/1.1 200 OK"
2026-09-10 04:50:14,721 thaqip.award_watch INFO checked 1 pursued tenders, 0 newly announced
