2026-09-04 04:19:44,828 thaqip.backfill INFO backfill etimad.backfill.all: resuming at page 21
2026-09-04 04:19:45,697 httpx INFO HTTP Request: GET https://tenders.etimad.sa/Tender/AllSupplierTendersForVisitorAsync?PageSize=50&PageNumber=21 "HTTP/1.1 400 Bad Request"
2026-09-04 04:19:45,698 thaqip_ingestion.etimad.client WARNING 400 (likely WAF cool-off); sleeping 90s (attempt 1)
2026-09-04 04:21:15,788 thaqip_ingestion.etimad.client WARNING etimad listing page=21 attempt=1 failed (waf cool-off); retrying in 1.1s
2026-09-04 04:21:17,671 httpx INFO HTTP Request: GET https://tenders.etimad.sa/Tender/AllSupplierTendersForVisitorAsync?PageSize=50&PageNumber=21 "HTTP/1.1 400 Bad Request"
2026-09-04 04:21:17,672 thaqip_ingestion.etimad.client WARNING 400 (likely WAF cool-off); sleeping 180s (attempt 2)
2026-09-04 04:24:17,772 thaqip_ingestion.etimad.client WARNING etimad listing page=21 attempt=2 failed (waf cool-off); retrying in 2.8s
2026-09-04 04:24:21,093 httpx INFO HTTP Request: GET https://tenders.etimad.sa/Tender/AllSupplierTendersForVisitorAsync?PageSize=50&PageNumber=21 "HTTP/1.1 400 Bad Request"
2026-09-04 04:24:21,093 thaqip_ingestion.etimad.client WARNING 400 (likely WAF cool-off); sleeping 270s (attempt 3)
2026-09-04 04:28:51,194 thaqip_ingestion.etimad.client WARNING etimad listing page=21 attempt=3 failed (waf cool-off); retrying in 4.4s
2026-09-04 04:28:56,397 httpx INFO HTTP Request: GET https://tenders.etimad.sa/Tender/AllSupplierTendersForVisitorAsync?PageSize=50&PageNumber=21 "HTTP/1.1 400 Bad Request"
2026-09-04 04:28:56,398 thaqip_ingestion.etimad.client WARNING 400 (likely WAF cool-off); sleeping 360s (attempt 4)
2026-09-04 04:34:56,498 thaqip_ingestion.etimad.client WARNING etimad listing page=21 attempt=4 failed (waf cool-off); retrying in 11.5s
2026-09-04 04:35:08,654 httpx INFO HTTP Request: GET https://tenders.etimad.sa/Tender/AllSupplierTendersForVisitorAsync?PageSize=50&PageNumber=21 "HTTP/1.1 400 Bad Request"
2026-09-04 04:35:08,655 thaqip_ingestion.etimad.client WARNING 400 (likely WAF cool-off); sleeping 450s (attempt 5)
Traceback (most recent call last):
  File "<frozen runpy>", line 203, in _run_module_as_main
  File "<frozen runpy>", line 88, in _run_code
  File "/home/ais04/thaqip/services/ingestion/src/thaqip_ingestion/backfill.py", line 133, in <module>
    asyncio.run(main())
    ~~~~~~~~~~~^^^^^^^^
  File "/home/ais04/.local/share/uv/python/cpython-3.13.15-linux-x86_64-gnu/lib/python3.13/asyncio/runners.py", line 196, in run
    return runner.run(main)
           ~~~~~~~~~~^^^^^^
  File "/home/ais04/.local/share/uv/python/cpython-3.13.15-linux-x86_64-gnu/lib/python3.13/asyncio/runners.py", line 119, in run
    return self._loop.run_until_complete(task)
           ~~~~~~~~~~~~~~~~~~~~~~~~~~~~~^^^^^^
  File "/home/ais04/.local/share/uv/python/cpython-3.13.15-linux-x86_64-gnu/lib/python3.13/asyncio/base_events.py", line 726, in run_until_complete
    return future.result()
           ~~~~~~~~~~~~~^^
  File "/home/ais04/thaqip/services/ingestion/src/thaqip_ingestion/backfill.py", line 123, in main
    stats = await run_backfill(
            ^^^^^^^^^^^^^^^^^^^
    ...<2 lines>...
    )
    ^
  File "/home/ais04/thaqip/services/ingestion/src/thaqip_ingestion/backfill.py", line 76, in run_backfill
    listing = await client.fetch_listing_page(
              ^^^^^^^^^^^^^^^^^^^^^^^^^^^^^^^^
        page, page_size, extra_params=CATEGORY_PARAMS[category]
        ^^^^^^^^^^^^^^^^^^^^^^^^^^^^^^^^^^^^^^^^^^^^^^^^^^^^^^^
    )
    ^
  File "/home/ais04/thaqip/services/ingestion/src/thaqip_ingestion/etimad/client.py", line 96, in fetch_listing_page
    raise httpx.HTTPStatusError("waf cool-off", request=resp.request, response=resp)
httpx.HTTPStatusError: waf cool-off
