2026-09-04 07:00:02,228 thaqip.alerts INFO ALERT [dev-console] ثاقب · الملخص اليومي — اختبار تقنية المعلومات | 📬 109 تنبيهًا خلال آخر 24 ساعة: ¶  ¶ ● منافسة جديدة: 92 ¶    – توريد أجهزة تليفون شبكيه ¶    – منصة حملات القبول والتسجيل ¶    – Dell Workstation ¶    – جهاز ذكاء اصطناعي PNY متقدم ¶    – تجديد تراخيص أنظمة عمليات البنية التحتية لسنة 2026 ¶    … و87 أخرى ¶ ● 📈 المنافسة تشتد على منافسة تتابعونها: 7 ¶    – جهاز محمول ( لابتوب ) ¶    – توريد وتركيب حجر واجهات ¶    – تأمين وتوريد حاسب آلي محمول وشاشة وطابعة ¶    – جهاز محمول ( لابتوب ) ¶    – توريد وتركيب حجر واجهات ¶    … و2 أخرى ¶ ● ⏰ اقتراب موعد الإغلاق: 5 ¶    – تأمين وتوريد حاسب آلي محمول وشاشة وطابعة ¶    – توريد وتركيب حجر واجهات ¶    – جهاز محمول ( لابتوب ) ¶    – مشروع إصلاح كيبل كهرباء  ¶    – مشروع إصلاح كيبل كهرباء  ¶ ● تمديد موعد التقديم: 2 ¶    – مشروع الرسائل النصية والربط الرقمي مع مزودي الخدمة - المرحلة ¶    – تجديد الرخص والبرامج والأنظمة والتطبيقات برأس الخير للصناعات ¶ ● تحديث على منافسة: 2 ¶    – توريد وتركيب حجر واجهات ¶    – عملية إزالة التشوه البصري للأعمدة بمحافظة طريف ¶ ● إعلان ترسية: 1 ¶    – تأمين رخص برامج لزوم مركز التميز العسكري
2026-09-04 07:00:02,235 thaqip.alerts INFO ALERT [dev-console] ثاقب · الملخص اليومي — ترسيات قطع الغيار | 📬 69 تنبيهًا خلال آخر 24 ساعة: ¶  ¶ ● إعلان ترسية: 55 ¶    – توريد قطع غيار سيارات لميناء جدة الاسلامي ¶    – منافسة MK26620112 توريد قطع غيار الية  ¶    – منافسة MK26610032 توريد قطع غيار واصلاح جهاز تعبئة أسطوانات  ¶    – كراسة رقم 266289 تامين قطع غيار عدة اليات تابعه عدة ادارات ¶    – كراسة رقم 266286 تامين قطع غيار عدة اليات تابعه عدة ادارات ¶    … و50 أخرى ¶ ● 📈 المنافسة تشتد على منافسة تتابعونها: 7 ¶    – جهاز محمول ( لابتوب ) ¶    – توريد وتركيب حجر واجهات ¶    – تأمين وتوريد حاسب آلي محمول وشاشة وطابعة ¶    – جهاز محمول ( لابتوب ) ¶    – توريد وتركيب حجر واجهات ¶    … و2 أخرى ¶ ● ⏰ اقتراب موعد الإغلاق: 5 ¶    – تأمين وتوريد حاسب آلي محمول وشاشة وطابعة ¶    – توريد وتركيب حجر واجهات ¶    – جهاز محمول ( لابتوب ) ¶    – مشروع إصلاح كيبل كهرباء  ¶    – مشروع إصلاح كيبل كهرباء  ¶ ● تحديث على منافسة: 2 ¶    – توريد وتركيب حجر واجهات ¶    – عملية إزالة التشوه البصري للأعمدة بمحافظة طريف
2026-09-04 07:00:02,245 thaqip.digest INFO digests sent: 2
Traceback (most recent call last):
  File "<frozen runpy>", line 203, in _run_module_as_main
  File "<frozen runpy>", line 88, in _run_code
  File "/home/ais04/thaqip/services/ingestion/src/thaqip_ingestion/digest.py", line 71, in <module>
    asyncio.run(main())
    ~~~~~~~~~~~^^^^^^^^
  File "/home/ais04/.local/share/uv/python/cpython-3.13.15-linux-x86_64-gnu/lib/python3.13/asyncio/runners.py", line 196, in run
    return runner.run(main)
           ~~~~~~~~~~^^^^^^
  File "/home/ais04/.local/share/uv/python/cpython-3.13.15-linux-x86_64-gnu/lib/python3.13/asyncio/runners.py", line 119, in run
    return self._loop.run_until_complete(task)
           ~~~~~~~~~~~~~~~~~~~~~~~~~~~~~^^^^^^
  File "/home/ais04/.local/share/uv/python/cpython-3.13.15-linux-x86_64-gnu/lib/python3.13/asyncio/base_events.py", line 726, in run_until_complete
    return future.result()
           ~~~~~~~~~~~~~^^
  File "/home/ais04/thaqip/services/ingestion/src/thaqip_ingestion/digest.py", line 46, in main
    pool = await db.connect(os.environ["DATABASE_URL"])
           ^^^^^^^^^^^^^^^^^^^^^^^^^^^^^^^^^^^^^^^^^^^^
  File "/home/ais04/thaqip/services/ingestion/src/thaqip_ingestion/db.py", line 72, in connect
    return await asyncpg.create_pool(dsn, min_size=1, max_size=4)
           ^^^^^^^^^^^^^^^^^^^^^^^^^^^^^^^^^^^^^^^^^^^^^^^^^^^^^^
  File "/home/ais04/thaqip/services/ingestion/.venv/lib/python3.13/site-packages/asyncpg/pool.py", line 439, in _async__init__
    await self._initialize()
  File "/home/ais04/thaqip/services/ingestion/.venv/lib/python3.13/site-packages/asyncpg/pool.py", line 466, in _initialize
    await first_ch.connect()
  File "/home/ais04/thaqip/services/ingestion/.venv/lib/python3.13/site-packages/asyncpg/pool.py", line 153, in connect
    self._con = await self._pool._get_new_connection()
                ^^^^^^^^^^^^^^^^^^^^^^^^^^^^^^^^^^^^^^
  File "/home/ais04/thaqip/services/ingestion/.venv/lib/python3.13/site-packages/asyncpg/pool.py", line 538, in _get_new_connection
    con = await self._connect(
          ^^^^^^^^^^^^^^^^^^^^
    ...<5 lines>...
    )
    ^
  File "/home/ais04/thaqip/services/ingestion/.venv/lib/python3.13/site-packages/asyncpg/connection.py", line 2443, in connect
    return await connect_utils._connect(
           ^^^^^^^^^^^^^^^^^^^^^^^^^^^^^
    ...<22 lines>...
    )
    ^
  File "/home/ais04/thaqip/services/ingestion/.venv/lib/python3.13/site-packages/asyncpg/connect_utils.py", line 1249, in _connect
    raise last_error or exceptions.TargetServerAttributeNotMatched(
    ...<2 lines>...
    )
  File "/home/ais04/thaqip/services/ingestion/.venv/lib/python3.13/site-packages/asyncpg/connect_utils.py", line 1218, in _connect
    conn = await _connect_addr(
           ^^^^^^^^^^^^^^^^^^^^
    ...<6 lines>...
    )
    ^
  File "/home/ais04/thaqip/services/ingestion/.venv/lib/python3.13/site-packages/asyncpg/connect_utils.py", line 1054, in _connect_addr
    return await __connect_addr(params, True, *args)
           ^^^^^^^^^^^^^^^^^^^^^^^^^^^^^^^^^^^^^^^^^
  File "/home/ais04/thaqip/services/ingestion/.venv/lib/python3.13/site-packages/asyncpg/connect_utils.py", line 1099, in __connect_addr
    tr, pr = await connector
             ^^^^^^^^^^^^^^^
  File "/home/ais04/thaqip/services/ingestion/.venv/lib/python3.13/site-packages/asyncpg/connect_utils.py", line 969, in _create_ssl_connection
    tr, pr = await loop.create_connection(
             ^^^^^^^^^^^^^^^^^^^^^^^^^^^^^
    ...<2 lines>...
        host, port)
        ^^^^^^^^^^^
  File "/home/ais04/.local/share/uv/python/cpython-3.13.15-linux-x86_64-gnu/lib/python3.13/asyncio/base_events.py", line 1172, in create_connection
    raise exceptions[0]
  File "/home/ais04/.local/share/uv/python/cpython-3.13.15-linux-x86_64-gnu/lib/python3.13/asyncio/base_events.py", line 1147, in create_connection
    sock = await self._connect_sock(
           ^^^^^^^^^^^^^^^^^^^^^^^^^
        exceptions, addrinfo, laddr_infos)
        ^^^^^^^^^^^^^^^^^^^^^^^^^^^^^^^^^^
  File "/home/ais04/.local/share/uv/python/cpython-3.13.15-linux-x86_64-gnu/lib/python3.13/asyncio/base_events.py", line 1046, in _connect_sock
    await self.sock_connect(sock, address)
  File "/home/ais04/.local/share/uv/python/cpython-3.13.15-linux-x86_64-gnu/lib/python3.13/asyncio/selector_events.py", line 643, in sock_connect
    return await fut
           ^^^^^^^^^
  File "/home/ais04/.local/share/uv/python/cpython-3.13.15-linux-x86_64-gnu/lib/python3.13/asyncio/selector_events.py", line 683, in _sock_connect_cb
    raise OSError(err, f'Connect call failed {address}')
ConnectionRefusedError: [Errno 111] Connect call failed ('127.0.0.1', 5433)
Traceback (most recent call last):
  File "<frozen runpy>", line 203, in _run_module_as_main
  File "<frozen runpy>", line 88, in _run_code
  File "/home/ais04/thaqip/services/ingestion/src/thaqip_ingestion/digest.py", line 71, in <module>
    asyncio.run(main())
    ~~~~~~~~~~~^^^^^^^^
  File "/home/ais04/.local/share/uv/python/cpython-3.13.15-linux-x86_64-gnu/lib/python3.13/asyncio/runners.py", line 196, in run
    return runner.run(main)
           ~~~~~~~~~~^^^^^^
  File "/home/ais04/.local/share/uv/python/cpython-3.13.15-linux-x86_64-gnu/lib/python3.13/asyncio/runners.py", line 119, in run
    return self._loop.run_until_complete(task)
           ~~~~~~~~~~~~~~~~~~~~~~~~~~~~~^^^^^^
  File "/home/ais04/.local/share/uv/python/cpython-3.13.15-linux-x86_64-gnu/lib/python3.13/asyncio/base_events.py", line 726, in run_until_complete
    return future.result()
           ~~~~~~~~~~~~~^^
  File "/home/ais04/thaqip/services/ingestion/src/thaqip_ingestion/digest.py", line 46, in main
    pool = await db.connect(os.environ["DATABASE_URL"])
           ^^^^^^^^^^^^^^^^^^^^^^^^^^^^^^^^^^^^^^^^^^^^
  File "/home/ais04/thaqip/services/ingestion/src/thaqip_ingestion/db.py", line 72, in connect
    return await asyncpg.create_pool(dsn, min_size=1, max_size=4)
           ^^^^^^^^^^^^^^^^^^^^^^^^^^^^^^^^^^^^^^^^^^^^^^^^^^^^^^
  File "/home/ais04/thaqip/services/ingestion/.venv/lib/python3.13/site-packages/asyncpg/pool.py", line 439, in _async__init__
    await self._initialize()
  File "/home/ais04/thaqip/services/ingestion/.venv/lib/python3.13/site-packages/asyncpg/pool.py", line 466, in _initialize
    await first_ch.connect()
  File "/home/ais04/thaqip/services/ingestion/.venv/lib/python3.13/site-packages/asyncpg/pool.py", line 153, in connect
    self._con = await self._pool._get_new_connection()
                ^^^^^^^^^^^^^^^^^^^^^^^^^^^^^^^^^^^^^^
  File "/home/ais04/thaqip/services/ingestion/.venv/lib/python3.13/site-packages/asyncpg/pool.py", line 538, in _get_new_connection
    con = await self._connect(
          ^^^^^^^^^^^^^^^^^^^^
    ...<5 lines>...
    )
    ^
  File "/home/ais04/thaqip/services/ingestion/.venv/lib/python3.13/site-packages/asyncpg/connection.py", line 2443, in connect
    return await connect_utils._connect(
           ^^^^^^^^^^^^^^^^^^^^^^^^^^^^^
    ...<22 lines>...
    )
    ^
  File "/home/ais04/thaqip/services/ingestion/.venv/lib/python3.13/site-packages/asyncpg/connect_utils.py", line 1249, in _connect
    raise last_error or exceptions.TargetServerAttributeNotMatched(
    ...<2 lines>...
    )
  File "/home/ais04/thaqip/services/ingestion/.venv/lib/python3.13/site-packages/asyncpg/connect_utils.py", line 1218, in _connect
    conn = await _connect_addr(
           ^^^^^^^^^^^^^^^^^^^^
    ...<6 lines>...
    )
    ^
  File "/home/ais04/thaqip/services/ingestion/.venv/lib/python3.13/site-packages/asyncpg/connect_utils.py", line 1054, in _connect_addr
    return await __connect_addr(params, True, *args)
           ^^^^^^^^^^^^^^^^^^^^^^^^^^^^^^^^^^^^^^^^^
  File "/home/ais04/thaqip/services/ingestion/.venv/lib/python3.13/site-packages/asyncpg/connect_utils.py", line 1099, in __connect_addr
    tr, pr = await connector
             ^^^^^^^^^^^^^^^
  File "/home/ais04/thaqip/services/ingestion/.venv/lib/python3.13/site-packages/asyncpg/connect_utils.py", line 969, in _create_ssl_connection
    tr, pr = await loop.create_connection(
             ^^^^^^^^^^^^^^^^^^^^^^^^^^^^^
    ...<2 lines>...
        host, port)
        ^^^^^^^^^^^
  File "/home/ais04/.local/share/uv/python/cpython-3.13.15-linux-x86_64-gnu/lib/python3.13/asyncio/base_events.py", line 1172, in create_connection
    raise exceptions[0]
  File "/home/ais04/.local/share/uv/python/cpython-3.13.15-linux-x86_64-gnu/lib/python3.13/asyncio/base_events.py", line 1147, in create_connection
    sock = await self._connect_sock(
           ^^^^^^^^^^^^^^^^^^^^^^^^^
        exceptions, addrinfo, laddr_infos)
        ^^^^^^^^^^^^^^^^^^^^^^^^^^^^^^^^^^
  File "/home/ais04/.local/share/uv/python/cpython-3.13.15-linux-x86_64-gnu/lib/python3.13/asyncio/base_events.py", line 1046, in _connect_sock
    await self.sock_connect(sock, address)
  File "/home/ais04/.local/share/uv/python/cpython-3.13.15-linux-x86_64-gnu/lib/python3.13/asyncio/selector_events.py", line 643, in sock_connect
    return await fut
           ^^^^^^^^^
  File "/home/ais04/.local/share/uv/python/cpython-3.13.15-linux-x86_64-gnu/lib/python3.13/asyncio/selector_events.py", line 683, in _sock_connect_cb
    raise OSError(err, f'Connect call failed {address}')
ConnectionRefusedError: [Errno 111] Connect call failed ('127.0.0.1', 5433)
Traceback (most recent call last):
  File "<frozen runpy>", line 203, in _run_module_as_main
  File "<frozen runpy>", line 88, in _run_code
  File "/home/ais04/thaqip/services/ingestion/src/thaqip_ingestion/digest.py", line 71, in <module>
    asyncio.run(main())
    ~~~~~~~~~~~^^^^^^^^
  File "/home/ais04/.local/share/uv/python/cpython-3.13.15-linux-x86_64-gnu/lib/python3.13/asyncio/runners.py", line 196, in run
    return runner.run(main)
           ~~~~~~~~~~^^^^^^
  File "/home/ais04/.local/share/uv/python/cpython-3.13.15-linux-x86_64-gnu/lib/python3.13/asyncio/runners.py", line 119, in run
    return self._loop.run_until_complete(task)
           ~~~~~~~~~~~~~~~~~~~~~~~~~~~~~^^^^^^
  File "/home/ais04/.local/share/uv/python/cpython-3.13.15-linux-x86_64-gnu/lib/python3.13/asyncio/base_events.py", line 726, in run_until_complete
    return future.result()
           ~~~~~~~~~~~~~^^
  File "/home/ais04/thaqip/services/ingestion/src/thaqip_ingestion/digest.py", line 46, in main
    pool = await db.connect(os.environ["DATABASE_URL"])
           ^^^^^^^^^^^^^^^^^^^^^^^^^^^^^^^^^^^^^^^^^^^^
  File "/home/ais04/thaqip/services/ingestion/src/thaqip_ingestion/db.py", line 72, in connect
    return await asyncpg.create_pool(dsn, min_size=1, max_size=4)
           ^^^^^^^^^^^^^^^^^^^^^^^^^^^^^^^^^^^^^^^^^^^^^^^^^^^^^^
  File "/home/ais04/thaqip/services/ingestion/.venv/lib/python3.13/site-packages/asyncpg/pool.py", line 439, in _async__init__
    await self._initialize()
  File "/home/ais04/thaqip/services/ingestion/.venv/lib/python3.13/site-packages/asyncpg/pool.py", line 466, in _initialize
    await first_ch.connect()
  File "/home/ais04/thaqip/services/ingestion/.venv/lib/python3.13/site-packages/asyncpg/pool.py", line 153, in connect
    self._con = await self._pool._get_new_connection()
                ^^^^^^^^^^^^^^^^^^^^^^^^^^^^^^^^^^^^^^
  File "/home/ais04/thaqip/services/ingestion/.venv/lib/python3.13/site-packages/asyncpg/pool.py", line 538, in _get_new_connection
    con = await self._connect(
          ^^^^^^^^^^^^^^^^^^^^
    ...<5 lines>...
    )
    ^
  File "/home/ais04/thaqip/services/ingestion/.venv/lib/python3.13/site-packages/asyncpg/connection.py", line 2443, in connect
    return await connect_utils._connect(
           ^^^^^^^^^^^^^^^^^^^^^^^^^^^^^
    ...<22 lines>...
    )
    ^
  File "/home/ais04/thaqip/services/ingestion/.venv/lib/python3.13/site-packages/asyncpg/connect_utils.py", line 1249, in _connect
    raise last_error or exceptions.TargetServerAttributeNotMatched(
    ...<2 lines>...
    )
  File "/home/ais04/thaqip/services/ingestion/.venv/lib/python3.13/site-packages/asyncpg/connect_utils.py", line 1218, in _connect
    conn = await _connect_addr(
           ^^^^^^^^^^^^^^^^^^^^
    ...<6 lines>...
    )
    ^
  File "/home/ais04/thaqip/services/ingestion/.venv/lib/python3.13/site-packages/asyncpg/connect_utils.py", line 1054, in _connect_addr
    return await __connect_addr(params, True, *args)
           ^^^^^^^^^^^^^^^^^^^^^^^^^^^^^^^^^^^^^^^^^
  File "/home/ais04/thaqip/services/ingestion/.venv/lib/python3.13/site-packages/asyncpg/connect_utils.py", line 1099, in __connect_addr
    tr, pr = await connector
             ^^^^^^^^^^^^^^^
  File "/home/ais04/thaqip/services/ingestion/.venv/lib/python3.13/site-packages/asyncpg/connect_utils.py", line 969, in _create_ssl_connection
    tr, pr = await loop.create_connection(
             ^^^^^^^^^^^^^^^^^^^^^^^^^^^^^
    ...<2 lines>...
        host, port)
        ^^^^^^^^^^^
  File "/home/ais04/.local/share/uv/python/cpython-3.13.15-linux-x86_64-gnu/lib/python3.13/asyncio/base_events.py", line 1172, in create_connection
    raise exceptions[0]
  File "/home/ais04/.local/share/uv/python/cpython-3.13.15-linux-x86_64-gnu/lib/python3.13/asyncio/base_events.py", line 1147, in create_connection
    sock = await self._connect_sock(
           ^^^^^^^^^^^^^^^^^^^^^^^^^
        exceptions, addrinfo, laddr_infos)
        ^^^^^^^^^^^^^^^^^^^^^^^^^^^^^^^^^^
  File "/home/ais04/.local/share/uv/python/cpython-3.13.15-linux-x86_64-gnu/lib/python3.13/asyncio/base_events.py", line 1046, in _connect_sock
    await self.sock_connect(sock, address)
  File "/home/ais04/.local/share/uv/python/cpython-3.13.15-linux-x86_64-gnu/lib/python3.13/asyncio/selector_events.py", line 643, in sock_connect
    return await fut
           ^^^^^^^^^
  File "/home/ais04/.local/share/uv/python/cpython-3.13.15-linux-x86_64-gnu/lib/python3.13/asyncio/selector_events.py", line 683, in _sock_connect_cb
    raise OSError(err, f'Connect call failed {address}')
ConnectionRefusedError: [Errno 111] Connect call failed ('127.0.0.1', 5433)
2026-09-08 07:00:02,468 thaqip.alerts INFO ALERT [dev-console] ثاقب · الملخص اليومي — اختبار تقنية المعلومات | 📬 23 تنبيهًا خلال آخر 24 ساعة: ¶  ¶ ● منافسة جديدة: 18 ¶    – تجديد الاشتراك في نظام المراقبة الأمنية للسفن والحاويات ومنص ¶    – تشغيل و صيانة البنية التحتية لشبكة MIFON3 - MIFON ¶    – تجديد اشتراك خدمات الدعم الفني للنظام الموحد ¶    – تطوير وتحسين نظام حوكمة التمويل المدعوم ¶    – منافسة توريد وتفعيل رخص التصوير الرقمي والاتصالات(دايكوم) لج ¶    … و13 أخرى ¶ ● 📈 المنافسة تشتد على منافسة تتابعونها: 3 ¶    – أعمال جلي وتلميع أرضيات الرخام بمبنى القاعات بغرفة مكة المكر ¶    – جهاز محمول ( لابتوب ) ¶    – توريد وتركيب حجر واجهات ¶ ● تمديد موعد التقديم: 1 ¶    – مشروع تأمين قرطاسية حاجة مركز الاختبارات بعمادة التعلم الالك ¶ ● تحديث على منافسة: 1 ¶    – تأمين وتوريد حاسب آلي محمول وشاشة وطابعة
2026-09-08 07:00:02,474 thaqip.alerts INFO ALERT [dev-console] ثاقب · الملخص اليومي — ترسيات قطع الغيار | 📬 4 تنبيهًا خلال آخر 24 ساعة: ¶  ¶ ● 📈 المنافسة تشتد على منافسة تتابعونها: 3 ¶    – أعمال جلي وتلميع أرضيات الرخام بمبنى القاعات بغرفة مكة المكر ¶    – جهاز محمول ( لابتوب ) ¶    – توريد وتركيب حجر واجهات ¶ ● تحديث على منافسة: 1 ¶    – تأمين وتوريد حاسب آلي محمول وشاشة وطابعة
2026-09-08 07:00:02,476 thaqip.digest INFO digests sent: 2
